stm32f0xx_it.c:82:6:NMI_Handler	0	static
stm32f0xx_it.c:97:6:HardFault_Handler	0	static
stm32f0xx_it.c:119:6:FLASH_IRQHandler	8	static
stm32f0xx_it.c:133:6:RCC_IRQHandler	0	static
stm32f0xx_it.c:146:6:EXTI4_15_IRQHandler	8	static
stm32f0xx_it.c:160:6:DMA1_Channel1_IRQHandler	8	static
stm32f0xx_it.c:174:6:ADC1_IRQHandler	8	static
stm32f0xx_it.c:188:6:TIM17_IRQHandler	8	static
stm32f0xx_it.c:202:6:I2C1_IRQHandler	8	static
stm32f0xx_it.c:220:6:I2C2_IRQHandler	8	static
stm32f0xx_it.c:238:6:SPI1_IRQHandler	8	static
stm32f0xx_it.c:252:6:USART1_IRQHandler	8	static
stm32f0xx_it.c:267:6:USART2_IRQHandler	8	static
stm32f0xx_it.c:282:6:USART3_4_IRQHandler	8	static
stm32f0xx_it.c:298:6:USB_IRQHandler	8	static
