Archive member included to satisfy reference by file (symbol)

c:/st/stm32cubeide_1.5.1/stm32cubeide/plugins/com.st.stm32cube.ide.mcu.externaltools.gnu-tools-for-stm32.9-2020-q2-update.win32_1.5.0.202011040924/tools/bin/../lib/gcc/arm-none-eabi/9.3.1/../../../../arm-none-eabi/lib/thumb/v6-m/nofp\libc_nano.a(lib_a-errno.o)
                              Core/Src/syscalls.o (__errno)
c:/st/stm32cubeide_1.5.1/stm32cubeide/plugins/com.st.stm32cube.ide.mcu.externaltools.gnu-tools-for-stm32.9-2020-q2-update.win32_1.5.0.202011040924/tools/bin/../lib/gcc/arm-none-eabi/9.3.1/../../../../arm-none-eabi/lib/thumb/v6-m/nofp\libc_nano.a(lib_a-exit.o)
                              c:/st/stm32cubeide_1.5.1/stm32cubeide/plugins/com.st.stm32cube.ide.mcu.externaltools.gnu-tools-for-stm32.9-2020-q2-update.win32_1.5.0.202011040924/tools/bin/../lib/gcc/arm-none-eabi/9.3.1/../../../../arm-none-eabi/lib/thumb/v6-m/nofp/crt0.o (exit)
c:/st/stm32cubeide_1.5.1/stm32cubeide/plugins/com.st.stm32cube.ide.mcu.externaltools.gnu-tools-for-stm32.9-2020-q2-update.win32_1.5.0.202011040924/tools/bin/../lib/gcc/arm-none-eabi/9.3.1/../../../../arm-none-eabi/lib/thumb/v6-m/nofp\libc_nano.a(lib_a-impure.o)
                              c:/st/stm32cubeide_1.5.1/stm32cubeide/plugins/com.st.stm32cube.ide.mcu.externaltools.gnu-tools-for-stm32.9-2020-q2-update.win32_1.5.0.202011040924/tools/bin/../lib/gcc/arm-none-eabi/9.3.1/../../../../arm-none-eabi/lib/thumb/v6-m/nofp\libc_nano.a(lib_a-exit.o) (_global_impure_ptr)
c:/st/stm32cubeide_1.5.1/stm32cubeide/plugins/com.st.stm32cube.ide.mcu.externaltools.gnu-tools-for-stm32.9-2020-q2-update.win32_1.5.0.202011040924/tools/bin/../lib/gcc/arm-none-eabi/9.3.1/../../../../arm-none-eabi/lib/thumb/v6-m/nofp\libc_nano.a(lib_a-init.o)
                              c:/st/stm32cubeide_1.5.1/stm32cubeide/plugins/com.st.stm32cube.ide.mcu.externaltools.gnu-tools-for-stm32.9-2020-q2-update.win32_1.5.0.202011040924/tools/bin/../lib/gcc/arm-none-eabi/9.3.1/../../../../arm-none-eabi/lib/thumb/v6-m/nofp/crt0.o (__libc_init_array)
c:/st/stm32cubeide_1.5.1/stm32cubeide/plugins/com.st.stm32cube.ide.mcu.externaltools.gnu-tools-for-stm32.9-2020-q2-update.win32_1.5.0.202011040924/tools/bin/../lib/gcc/arm-none-eabi/9.3.1/../../../../arm-none-eabi/lib/thumb/v6-m/nofp\libc_nano.a(lib_a-itoa.o)
                              Drivers/Ironlink/ironlink-library.o (itoa)
c:/st/stm32cubeide_1.5.1/stm32cubeide/plugins/com.st.stm32cube.ide.mcu.externaltools.gnu-tools-for-stm32.9-2020-q2-update.win32_1.5.0.202011040924/tools/bin/../lib/gcc/arm-none-eabi/9.3.1/../../../../arm-none-eabi/lib/thumb/v6-m/nofp\libc_nano.a(lib_a-malloc.o)
                              Drivers/Ironlink/ironlink-library.o (malloc)
c:/st/stm32cubeide_1.5.1/stm32cubeide/plugins/com.st.stm32cube.ide.mcu.externaltools.gnu-tools-for-stm32.9-2020-q2-update.win32_1.5.0.202011040924/tools/bin/../lib/gcc/arm-none-eabi/9.3.1/../../../../arm-none-eabi/lib/thumb/v6-m/nofp\libc_nano.a(lib_a-memcmp.o)
                              Drivers/Ironlink/ironlink-library.o (memcmp)
c:/st/stm32cubeide_1.5.1/stm32cubeide/plugins/com.st.stm32cube.ide.mcu.externaltools.gnu-tools-for-stm32.9-2020-q2-update.win32_1.5.0.202011040924/tools/bin/../lib/gcc/arm-none-eabi/9.3.1/../../../../arm-none-eabi/lib/thumb/v6-m/nofp\libc_nano.a(lib_a-memcpy-stub.o)
                              Drivers/Ironlink/ironlink-library.o (memcpy)
c:/st/stm32cubeide_1.5.1/stm32cubeide/plugins/com.st.stm32cube.ide.mcu.externaltools.gnu-tools-for-stm32.9-2020-q2-update.win32_1.5.0.202011040924/tools/bin/../lib/gcc/arm-none-eabi/9.3.1/../../../../arm-none-eabi/lib/thumb/v6-m/nofp\libc_nano.a(lib_a-memset.o)
                              c:/st/stm32cubeide_1.5.1/stm32cubeide/plugins/com.st.stm32cube.ide.mcu.externaltools.gnu-tools-for-stm32.9-2020-q2-update.win32_1.5.0.202011040924/tools/bin/../lib/gcc/arm-none-eabi/9.3.1/../../../../arm-none-eabi/lib/thumb/v6-m/nofp/crt0.o (memset)
c:/st/stm32cubeide_1.5.1/stm32cubeide/plugins/com.st.stm32cube.ide.mcu.externaltools.gnu-tools-for-stm32.9-2020-q2-update.win32_1.5.0.202011040924/tools/bin/../lib/gcc/arm-none-eabi/9.3.1/../../../../arm-none-eabi/lib/thumb/v6-m/nofp\libc_nano.a(lib_a-nano-freer.o)
                              c:/st/stm32cubeide_1.5.1/stm32cubeide/plugins/com.st.stm32cube.ide.mcu.externaltools.gnu-tools-for-stm32.9-2020-q2-update.win32_1.5.0.202011040924/tools/bin/../lib/gcc/arm-none-eabi/9.3.1/../../../../arm-none-eabi/lib/thumb/v6-m/nofp\libc_nano.a(lib_a-malloc.o) (_free_r)
c:/st/stm32cubeide_1.5.1/stm32cubeide/plugins/com.st.stm32cube.ide.mcu.externaltools.gnu-tools-for-stm32.9-2020-q2-update.win32_1.5.0.202011040924/tools/bin/../lib/gcc/arm-none-eabi/9.3.1/../../../../arm-none-eabi/lib/thumb/v6-m/nofp\libc_nano.a(lib_a-nano-mallocr.o)
[...]
Memory Configuration

Name             Origin             Length             Attributes
RAM              0x0000000020000400 0x0000000000003c00 xrw
FLASH            0x0000000008008000 0x0000000000018000 xr
SRAM             0x0000000020000000 0x0000000000000400 xr
*default*        0x0000000000000000 0xffffffffffffffff

Linker script and memory map

LOAD c:/st/stm32cubeide_1.5.1/stm32cubeide/plugins/com.st.stm32cube.ide.mcu.externaltools.gnu-tools-for-stm32.9-2020-q2-update.win32_1.5.0.202011040924/tools/bin/../lib/gcc/arm-none-eabi/9.3.1/thumb/v6-m/nofp/crti.o
LOAD c:/st/stm32cubeide_1.5.1/stm32cubeide/plugins/com.st.stm32cube.ide.mcu.externaltools.gnu-tools-for-stm32.9-2020-q2-update.win32_1.5.0.202011040924/tools/bin/../lib/gcc/arm-none-eabi/9.3.1/thumb/v6-m/nofp/crtbegin.o
LOAD c:/st/stm32cubeide_1.5.1/stm32cubeide/plugins/com.st.stm32cube.ide.mcu.externaltools.gnu-tools-for-stm32.9-2020-q2-update.win32_1.5.0.202011040924/tools/bin/../lib/gcc/arm-none-eabi/9.3.1/../../../../arm-none-eabi/lib/thumb/v6-m/nofp/crt0.o
LOAD Core/Src/adc.o
LOAD Core/Src/dma.o
LOAD Core/Src/freertos.o
LOAD Core/Src/gpio.o
LOAD Core/Src/i2c.o
LOAD Core/Src/main.o
LOAD Core/Src/spi.o
LOAD Core/Src/stm32f0xx_hal_msp.o
LOAD Core/Src/stm32f0xx_hal_timebase_tim.o
LOAD Core/Src/stm32f0xx_it.o
LOAD Core/Src/syscalls.o
LOAD Core/Src/sysmem.o
LOAD Core/Src/system_stm32f0xx.o
LOAD Core/Src/tim.o
LOAD Core/Src/usart.o
LOAD Core/Startup/startup_stm32f070cbtx.o
LOAD Drivers/Ironlink/ironlink-library.o
LOAD Drivers/STM32F0xx_HAL_Driver/Src/stm32f0xx_hal.o
LOAD Drivers/STM32F0xx_HAL_Driver/Src/stm32f0xx_hal_adc.o
LOAD Drivers/STM32F0xx_HAL_Driver/Src/stm32f0xx_hal_adc_ex.o
LOAD Drivers/STM32F0xx_HAL_Driver/Src/stm32f0xx_hal_cortex.o
LOAD Drivers/STM32F0xx_HAL_Driver/Src/stm32f0xx_hal_dma.o
LOAD Drivers/STM32F0xx_HAL_Driver/Src/stm32f0xx_hal_exti.o
LOAD Drivers/STM32F0xx_HAL_Driver/Src/stm32f0xx_hal_flash.o
LOAD Drivers/STM32F0xx_HAL_Driver/Src/stm32f0xx_hal_flash_ex.o
LOAD Drivers/STM32F0xx_HAL_Driver/Src/stm32f0xx_hal_gpio.o
LOAD Drivers/STM32F0xx_HAL_Driver/Src/stm32f0xx_hal_i2c.o
LOAD Drivers/STM32F0xx_HAL_Driver/Src/stm32f0xx_hal_i2c_ex.o
LOAD Drivers/STM32F0xx_HAL_Driver/Src/stm32f0xx_hal_pcd.o
LOAD Drivers/STM32F0xx_HAL_Driver/Src/stm32f0xx_hal_pcd_ex.o
LOAD Drivers/STM32F0xx_HAL_Driver/Src/stm32f0xx_hal_pwr.o
LOAD Drivers/STM32F0xx_HAL_Driver/Src/stm32f0xx_hal_pwr_ex.o
LOAD Drivers/STM32F0xx_HAL_Driver/Src/stm32f0xx_hal_rcc.o
LOAD Drivers/STM32F0xx_HAL_Driver/Src/stm32f0xx_hal_rcc_ex.o
LOAD Drivers/STM32F0xx_HAL_Driver/Src/stm32f0xx_hal_spi.o
LOAD Drivers/STM32F0xx_HAL_Driver/Src/stm32f0xx_hal_spi_ex.o
LOAD Drivers/STM32F0xx_HAL_Driver/Src/stm32f0xx_hal_tim.o
LOAD Drivers/STM32F0xx_HAL_Driver/Src/stm32f0xx_hal_tim_ex.o
LOAD Drivers/STM32F0xx_HAL_Driver/Src/stm32f0xx_hal_uart.o
LOAD Drivers/STM32F0xx_HAL_Driver/Src/stm32f0xx_hal_uart_ex.o
LOAD Drivers/STM32F0xx_HAL_Driver/Src/stm32f0xx_ll_usb.o
LOAD Middlewares/ST/STM32_USB_Device_Library/Class/CDC/Src/usbd_cdc.o
LOAD Middlewares/ST/STM32_USB_Device_Library/Core/Src/usbd_core.o
LOAD Middlewares/ST/STM32_USB_Device_Library/Core/Src/usbd_ctlreq.o
LOAD Middlewares/ST/STM32_USB_Device_Library/Core/Src/usbd_ioreq.o
LOAD Middlewares/Third_Party/FreeRTOS/Source/CMSIS_RTOS/cmsis_os.o
LOAD Middlewares/Third_Party/FreeRTOS/Source/croutine.o
LOAD Middlewares/Third_Party/FreeRTOS/Source/event_groups.o
LOAD Middlewares/Third_Party/FreeRTOS/Source/list.o
LOAD Middlewares/Third_Party/FreeRTOS/Source/queue.o
LOAD Middlewares/Third_Party/FreeRTOS/Source/stream_buffer.o
LOAD Middlewares/Third_Party/FreeRTOS/Source/tasks.o
LOAD Middlewares/Third_Party/FreeRTOS/Source/timers.o
LOAD Middlewares/Third_Party/FreeRTOS/Source/portable/GCC/ARM_CM0/port.o
LOAD Middlewares/Third_Party/FreeRTOS/Source/portable/MemMang/heap_4.o
LOAD USB_DEVICE/App/usb_device.o
LOAD USB_DEVICE/App/usbd_cdc_if.o
LOAD USB_DEVICE/App/usbd_desc.o
LOAD USB_DEVICE/Target/usbd_conf.o
START GROUP
LOAD c:/st/stm32cubeide_1.5.1/stm32cubeide/plugins/com.st.stm32cube.ide.mcu.externaltools.gnu-tools-for-stm32.9-2020-q2-update.win32_1.5.0.202011040924/tools/bin/../lib/gcc/arm-none-eabi/9.3.1/../../../../arm-none-eabi/lib/thumb/v6-m/nofp\libc_nano.a
LOAD c:/st/stm32cubeide_1.5.1/stm32cubeide/plugins/com.st.stm32cube.ide.mcu.externaltools.gnu-tools-for-stm32.9-2020-q2-update.win32_1.5.0.202011040924/tools/bin/../lib/gcc/arm-none-eabi/9.3.1/../../../../arm-none-eabi/lib/thumb/v6-m/nofp\libm.a
END GROUP
START GROUP
LOAD c:/st/stm32cubeide_1.5.1/stm32cubeide/plugins/com.st.stm32cube.ide.mcu.externaltools.gnu-tools-for-stm32.9-2020-q2-update.win32_1.5.0.202011040924/tools/bin/../lib/gcc/arm-none-eabi/9.3.1/thumb/v6-m/nofp\libgcc.a
LOAD c:/st/stm32cubeide_1.5.1/stm32cubeide/plugins/com.st.stm32cube.ide.mcu.externaltools.gnu-tools-for-stm32.9-2020-q2-update.win32_1.5.0.202011040924/tools/bin/../lib/gcc/arm-none-eabi/9.3.1/../../../../arm-none-eabi/lib/thumb/v6-m/nofp\libc_nano.a
END GROUP
START GROUP
LOAD c:/st/stm32cubeide_1.5.1/stm32cubeide/plugins/com.st.stm32cube.ide.mcu.externaltools.gnu-tools-for-stm32.9-2020-q2-update.win32_1.5.0.202011040924/tools/bin/../lib/gcc/arm-none-eabi/9.3.1/thumb/v6-m/nofp\libgcc.a
LOAD c:/st/stm32cubeide_1.5.1/stm32cubeide/plugins/com.st.stm32cube.ide.mcu.externaltools.gnu-tools-for-stm32.9-2020-q2-update.win32_1.5.0.202011040924/tools/bin/../lib/gcc/arm-none-eabi/9.3.1/../../../../arm-none-eabi/lib/thumb/v6-m/nofp\libc_nano.a
LOAD c:/st/stm32cubeide_1.5.1/stm32cubeide/plugins/com.st.stm32cube.ide.mcu.externaltools.gnu-tools-for-stm32.9-2020-q2-update.win32_1.5.0.202011040924/tools/bin/../lib/gcc/arm-none-eabi/9.3.1/../../../../arm-none-eabi/lib/thumb/v6-m/nofp\libnosys.a
END GROUP
START GROUP
LOAD c:/st/stm32cubeide_1.5.1/stm32cubeide/plugins/com.st.stm32cube.ide.mcu.externaltools.gnu-tools-for-stm32.9-2020-q2-update.win32_1.5.0.202011040924/tools/bin/../lib/gcc/arm-none-eabi/9.3.1/thumb/v6-m/nofp\libgcc.a
LOAD c:/st/stm32cubeide_1.5.1/stm32cubeide/plugins/com.st.stm32cube.ide.mcu.externaltools.gnu-tools-for-stm32.9-2020-q2-update.win32_1.5.0.202011040924/tools/bin/../lib/gcc/arm-none-eabi/9.3.1/../../../../arm-none-eabi/lib/thumb/v6-m/nofp\libc_nano.a
LOAD c:/st/stm32cubeide_1.5.1/stm32cubeide/plugins/com.st.stm32cube.ide.mcu.externaltools.gnu-tools-for-stm32.9-2020-q2-update.win32_1.5.0.202011040924/tools/bin/../lib/gcc/arm-none-eabi/9.3.1/../../../../arm-none-eabi/lib/thumb/v6-m/nofp\libnosys.a
END GROUP
LOAD c:/st/stm32cubeide_1.5.1/stm32cubeide/plugins/com.st.stm32cube.ide.mcu.externaltools.gnu-tools-for-stm32.9-2020-q2-update.win32_1.5.0.202011040924/tools/bin/../lib/gcc/arm-none-eabi/9.3.1/thumb/v6-m/nofp/crtend.o
LOAD c:/st/stm32cubeide_1.5.1/stm32cubeide/plugins/com.st.stm32cube.ide.mcu.externaltools.gnu-tools-for-stm32.9-2020-q2-update.win32_1.5.0.202011040924/tools/bin/../lib/gcc/arm-none-eabi/9.3.1/thumb/v6-m/nofp/crtn.o
                0x0000000020004000                _estack = (ORIGIN (RAM) + LENGTH (RAM))
                0x0000000000000200                _Min_Heap_Size = 0x200
                0x0000000000000400                _Min_Stack_Size = 0x400

.isr_vector     0x0000000008008000       0xc0
                0x0000000008008000                . = ALIGN (0x4)
 *(.isr_vector)
 .isr_vector    0x0000000008008000       0xc0 Core/Startup/startup_stm32f070cbtx.o
                0x0000000008008000                g_pfnVectors
                0x00000000080080c0                . = ALIGN (0x4)

.text           0x00000000080080c0     0x83d4
                0x00000000080080c0                . = ALIGN (0x4)
 *(.text)
 .text          0x00000000080080c0       0x48 c:/st/stm32cubeide_1.5.1/stm32cubeide/plugins/com.st.stm32cube.ide.mcu.externaltools.gnu-tools-for-stm32.9-2020-q2-update.win32_1.5.0.202011040924/tools/bin/../lib/gcc/arm-none-eabi/9.3.1/thumb/v6-m/nofp/crtbegin.o
 .text          0x0000000008008108        0xe c:/st/stm32cubeide_1.5.1/stm32cubeide/plugins/com.st.stm32cube.ide.mcu.externaltools.gnu-tools-for-stm32.9-2020-q2-update.win32_1.5.0.202011040924/tools/bin/../lib/gcc/arm-none-eabi/9.3.1/../../../../arm-none-eabi/lib/thumb/v6-m/nofp\libc_nano.a(lib_a-strlen.o)
                0x0000000008008108                strlen
 *fill*         0x0000000008008116        0x2 
 .text          0x0000000008008118       0x14 c:/st/stm32cubeide_1.5.1/stm32cubeide/plugins/com.st.stm32cube.ide.mcu.externaltools.gnu-tools-for-stm32.9-2020-q2-update.win32_1.5.0.202011040924/tools/bin/../lib/gcc/arm-none-eabi/9.3.1/thumb/v6-m/nofp\libgcc.a(_thumb1_case_sqi.o)
                0x0000000008008118                __gnu_thumb1_case_sqi
 .text          0x000000000800812c       0x14 c:/st/stm32cubeide_1.5.1/stm32cubeide/plugins/com.st.stm32cube.ide.mcu.externaltools.gnu-tools-for-stm32.9-2020-q2-update.win32_1.5.0.202011040924/tools/bin/../lib/gcc/arm-none-eabi/9.3.1/thumb/v6-m/nofp\libgcc.a(_thumb1_case_uqi.o)
                0x000000000800812c                __gnu_thumb1_case_uqi
 .text          0x0000000008008140       0x14 c:/st/stm32cubeide_1.5.1/stm32cubeide/plugins/com.st.stm32cube.ide.mcu.externaltools.gnu-tools-for-stm32.9-2020-q2-update.win32_1.5.0.202011040924/tools/bin/../lib/gcc/arm-none-eabi/9.3.1/thumb/v6-m/nofp\libgcc.a(_thumb1_case_shi.o)
                0x0000000008008140                __gnu_thumb1_case_shi
 .text          0x0000000008008154       0x14 c:/st/stm32cubeide_1.5.1/stm32cubeide/plugins/com.st.stm32cube.ide.mcu.externaltools.gnu-tools-for-stm32.9-2020-q2-update.win32_1.5.0.202011040924/tools/bin/../lib/gcc/arm-none-eabi/9.3.1/thumb/v6-m/nofp\libgcc.a(_thumb1_case_uhi.o)
                0x0000000008008154                __gnu_thumb1_case_uhi
 .text          0x0000000008008168      0x114 c:/st/stm32cubeide_1.5.1/stm32cubeide/plugins/com.st.stm32cube.ide.mcu.externaltools.gnu-tools-for-stm32.9-2020-q2-update.win32_1.5.0.202011040924/tools/bin/../lib/gcc/arm-none-eabi/9.3.1/thumb/v6-m/nofp\libgcc.a(_udivsi3.o)
                0x0000000008008168                __aeabi_uidiv
                0x0000000008008168                __udivsi3
                0x0000000008008274                __aeabi_uidivmod
 .text          0x000000000800827c        0x4 c:/st/stm32cubeide_1.5.1/stm32cubeide/plugins/com.st.stm32cube.ide.mcu.externaltools.gnu-tools-for-stm32.9-2020-q2-update.win32_1.5.0.202011040924/tools/bin/../lib/gcc/arm-none-eabi/9.3.1/thumb/v6-m/nofp\libgcc.a(_dvmd_tls.o)
                0x000000000800827c                __aeabi_idiv0
                0x000000000800827c                __aeabi_ldiv0
 *(.text*)
 .text.MX_ADC_Init
                0x0000000008008280       0x80 Core/Src/adc.o
                0x0000000008008280                MX_ADC_Init
 .text.HAL_ADC_MspInit
                0x0000000008008300       0xcc Core/Src/adc.o
                0x0000000008008300                HAL_ADC_MspInit
 .text.MX_DMA_Init
                0x00000000080083cc       0x2c Core/Src/dma.o
                0x00000000080083cc                MX_DMA_Init
 .text.StartDefaultTask
                0x00000000080083f8      0x10c Core/Src/freertos.o
                0x00000000080083f8                StartDefaultTask
 .text.vApplicationGetIdleTaskMemory
                0x0000000008008504       0x18 Core/Src/freertos.o
                0x0000000008008504                vApplicationGetIdleTaskMemory
 .text.MX_FREERTOS_Init
                0x000000000800851c       0x2c Core/Src/freertos.o
                0x000000000800851c                MX_FREERTOS_Init
 .text.MX_GPIO_Init
                0x0000000008008548       0xfc Core/Src/gpio.o
                0x0000000008008548                MX_GPIO_Init
 .text.MX_I2C1_Init
                0x0000000008008644       0x5c Core/Src/i2c.o
                0x0000000008008644                MX_I2C1_Init
 .text.MX_I2C2_Init
                0x00000000080086a0       0x5c Core/Src/i2c.o
                0x00000000080086a0                MX_I2C2_Init
 .text.HAL_I2C_MspInit
                0x00000000080086fc       0xd8 Core/Src/i2c.o
                0x00000000080086fc                HAL_I2C_MspInit
 .text.remap_vector_table
                0x00000000080087d4       0x74 Core/Src/main.o
                0x00000000080087d4                remap_vector_table
 .text.SystemClock_Config
                0x0000000008008848       0x94 Core/Src/main.o
                0x0000000008008848                SystemClock_Config
 .text.startup.main
                0x00000000080088dc       0x3c Core/Src/main.o
                0x00000000080088dc                main
 .text.HAL_TIM_PeriodElapsedCallback
                0x0000000008008918       0x14 Core/Src/main.o
                0x0000000008008918                HAL_TIM_PeriodElapsedCallback
 .text.Error_Handler
                0x000000000800892c        0x4 Core/Src/main.o
                0x000000000800892c                Error_Handler
 .text.assert_failed
                0x0000000008008930        0x2 Core/Src/main.o
                0x0000000008008930                assert_failed
 *fill*         0x0000000008008932        0x2 
 .text.HAL_MspInit
                0x0000000008008934       0x58 Core/Src/stm32f0xx_hal_msp.o
                0x0000000008008934                HAL_MspInit
 .text.HAL_InitTick
                0x000000000800898c       0x7c Core/Src/stm32f0xx_hal_timebase_tim.o
                0x000000000800898c                HAL_InitTick
 .text.NMI_Handler
                0x0000000008008a08        0x2 Core/Src/stm32f0xx_it.o
                0x0000000008008a08                NMI_Handler
 .text.HardFault_Handler
                0x0000000008008a0a        0x2 Core/Src/stm32f0xx_it.o
                0x0000000008008a0a                HardFault_Handler
 .text.FLASH_IRQHandler
                0x0000000008008a0c        0x8 Core/Src/stm32f0xx_it.o
                0x0000000008008a0c                FLASH_IRQHandler
 .text.RCC_IRQHandler
                0x0000000008008a14        0x2 Core/Src/stm32f0xx_it.o
                0x0000000008008a14                RCC_IRQHandler
 .text.EXTI4_15_IRQHandler
                0x0000000008008a16        0xa Core/Src/stm32f0xx_it.o
                0x0000000008008a16                EXTI4_15_IRQHandler
 .text.DMA1_Channel1_IRQHandler
                0x0000000008008a20       0x10 Core/Src/stm32f0xx_it.o
                0x0000000008008a20                DMA1_Channel1_IRQHandler
 .text.ADC1_IRQHandler
                0x0000000008008a30       0x10 Core/Src/stm32f0xx_it.o
                0x0000000008008a30                ADC1_IRQHandler
 .text.TIM17_IRQHandler
                0x0000000008008a40       0x10 Core/Src/stm32f0xx_it.o
                0x0000000008008a40                TIM17_IRQHandler
 .text.I2C1_IRQHandler
                0x0000000008008a50       0x20 Core/Src/stm32f0xx_it.o
                0x0000000008008a50                I2C1_IRQHandler
 .text.I2C2_IRQHandler
                0x0000000008008a70       0x20 Core/Src/stm32f0xx_it.o
                0x0000000008008a70                I2C2_IRQHandler
 .text.SPI1_IRQHandler
                0x0000000008008a90       0x10 Core/Src/stm32f0xx_it.o
                0x0000000008008a90                SPI1_IRQHandler
 .text.USART1_IRQHandler
                0x0000000008008aa0       0x10 Core/Src/stm32f0xx_it.o
                0x0000000008008aa0                USART1_IRQHandler
 .text.USART2_IRQHandler
                0x0000000008008ab0       0x10 Core/Src/stm32f0xx_it.o
                0x0000000008008ab0                USART2_IRQHandler
 .text.USART3_4_IRQHandler
                0x0000000008008ac0       0x10 Core/Src/stm32f0xx_it.o
                0x0000000008008ac0                USART3_4_IRQHandler
 .text.USB_IRQHandler
                0x0000000008008ad0       0x10 Core/Src/stm32f0xx_it.o
                0x0000000008008ad0                USB_IRQHandler
 .text._sbrk    0x0000000008008ae0       0x40 Core/Src/sysmem.o
                0x0000000008008ae0                _sbrk
 .text.SystemInit
                0x0000000008008b20        0x2 Core/Src/system_stm32f0xx.o
                0x0000000008008b20                SystemInit
 *fill*         0x0000000008008b22        0x2 
 .text.MX_TIM3_Init
                0x0000000008008b24       0x78 Core/Src/tim.o
                0x0000000008008b24                MX_TIM3_Init
 .text.HAL_TIM_Base_MspInit
                0x0000000008008b9c       0x28 Core/Src/tim.o
                0x0000000008008b9c                HAL_TIM_Base_MspInit
 .text.MX_USART1_UART_Init
                0x0000000008008bc4       0x38 Core/Src/usart.o
                0x0000000008008bc4                MX_USART1_UART_Init
 .text.MX_USART2_UART_Init
                0x0000000008008bfc       0x38 Core/Src/usart.o
                0x0000000008008bfc                MX_USART2_UART_Init
 .text.MX_USART3_UART_Init
                0x0000000008008c34       0x38 Core/Src/usart.o
                0x0000000008008c34                MX_USART3_UART_Init
 .text.MX_USART4_UART_Init
                0x0000000008008c6c       0x3c Core/Src/usart.o
                0x0000000008008c6c                MX_USART4_UART_Init
 .text.HAL_UART_MspInit
                0x0000000008008ca8      0x1a0 Core/Src/usart.o
                0x0000000008008ca8                HAL_UART_MspInit
 .text.Reset_Handler
                0x0000000008008e48       0x50 Core/Startup/startup_stm32f070cbtx.o
                0x0000000008008e48                Reset_Handler
 .text.Default_Handler
                0x0000000008008e98        0x2 Core/Startup/startup_stm32f070cbtx.o
                0x0000000008008e98                TIM1_CC_IRQHandler
                0x0000000008008e98                TIM6_IRQHandler
                0x0000000008008e98                EXTI2_3_IRQHandler
                0x0000000008008e98                RTC_IRQHandler
                0x0000000008008e98                TIM16_IRQHandler
                0x0000000008008e98                TIM3_IRQHandler
                0x0000000008008e98                Default_Handler
                0x0000000008008e98                TIM14_IRQHandler
                0x0000000008008e98                DMA1_Channel4_5_IRQHandler
                0x0000000008008e98                TIM7_IRQHandler
                0x0000000008008e98                TIM15_IRQHandler
                0x0000000008008e98                EXTI0_1_IRQHandler
                0x0000000008008e98                SPI2_IRQHandler
                0x0000000008008e98                WWDG_IRQHandler
                0x0000000008008e98                DMA1_Channel2_3_IRQHandler
                0x0000000008008e98                TIM1_BRK_UP_TRG_COM_IRQHandler
 .text.il_copy_buffer
                0x0000000008008e9a       0x28 Drivers/Ironlink/ironlink-library.o
                0x0000000008008e9a                il_copy_buffer
 .text.il_clear_buffer
                0x0000000008008ec2        0xc Drivers/Ironlink/ironlink-library.o
                0x0000000008008ec2                il_clear_buffer
 *fill*         0x0000000008008ece        0x2 
 .text.il_printf
                0x0000000008008ed0       0x30 Drivers/Ironlink/ironlink-library.o
                0x0000000008008ed0                il_printf
 .text.il_gpio_write_pin
                0x0000000008008f00       0x4c Drivers/Ironlink/ironlink-library.o
                0x0000000008008f00                il_gpio_write_pin
 .text.il_adc_init
                0x0000000008008f4c       0x10 Drivers/Ironlink/ironlink-library.o
                0x0000000008008f4c                il_adc_init
 .text.il_i2c_map
                0x0000000008008f5c       0x24 Drivers/Ironlink/ironlink-library.o
                0x0000000008008f5c                il_i2c_map
 .text.il_i2c_init
                0x0000000008008f80       0x1c Drivers/Ironlink/ironlink-library.o
                0x0000000008008f80                il_i2c_init
 .text.il_uart_port_map
                0x0000000008008f9c       0x44 Drivers/Ironlink/ironlink-library.o
                0x0000000008008f9c                il_uart_port_map
 .text.il_uart_init
                0x0000000008008fe0       0x30 Drivers/Ironlink/ironlink-library.o
                0x0000000008008fe0                il_uart_init
 .text.il_uart_flush_buffer
                0x0000000008009010       0x24 Drivers/Ironlink/ironlink-library.o
                0x0000000008009010                il_uart_flush_buffer
 .text.il_uart_write_line
                0x0000000008009034       0x9c Drivers/Ironlink/ironlink-library.o
                0x0000000008009034                il_uart_write_line
 .text.il_uart_read_line
                0x00000000080090d0       0xb0 Drivers/Ironlink/ironlink-library.o
                0x00000000080090d0                il_uart_read_line
 .text.il_uart_isr_receive
                0x0000000008009180       0x60 Drivers/Ironlink/ironlink-library.o
                0x0000000008009180                il_uart_isr_receive
 .text.il_uart_isr_receive_end
                0x00000000080091e0       0x24 Drivers/Ironlink/ironlink-library.o
                0x00000000080091e0                il_uart_isr_receive_end
 .text.il_uart_isr_transmit
                0x0000000008009204       0x3c Drivers/Ironlink/ironlink-library.o
                0x0000000008009204                il_uart_isr_transmit
 .text.il_uart_isr_tx_complete_callback
                0x0000000008009240       0x54 Drivers/Ironlink/ironlink-library.o
                0x0000000008009240                il_uart_isr_tx_complete_callback
 .text.il_uart_isr_transmit_end
                0x0000000008009294       0x1c Drivers/Ironlink/ironlink-library.o
                0x0000000008009294                il_uart_isr_transmit_end
 .text.il_uart_irq_handler
                0x00000000080092b0       0x80 Drivers/Ironlink/ironlink-library.o
                0x00000000080092b0                il_uart_irq_handler
 .text.il_usb_set_sol_char
                0x0000000008009330        0x6 Drivers/Ironlink/ironlink-library.o
                0x0000000008009330                il_usb_set_sol_char
 .text.il_usb_set_eol_char
                0x0000000008009336        0x6 Drivers/Ironlink/ironlink-library.o
                0x0000000008009336                il_usb_set_eol_char
 .text.il_usb_read_line
                0x000000000800933c       0x38 Drivers/Ironlink/ironlink-library.o
                0x000000000800933c                il_usb_read_line
 .text.il_usb_read_irq_handler_keyboard
                0x0000000008009374       0x60 Drivers/Ironlink/ironlink-library.o
                0x0000000008009374                il_usb_read_irq_handler_keyboard
 .text.il_lora_enable_modem
                0x00000000080093d4      0x120 Drivers/Ironlink/ironlink-library.o
                0x00000000080093d4                il_lora_enable_modem
 .text.il_lora_modem_send_command
                0x00000000080094f4       0x84 Drivers/Ironlink/ironlink-library.o
                0x00000000080094f4                il_lora_modem_send_command
 .text.il_lora_modem_read_command
                0x0000000008009578       0xac Drivers/Ironlink/ironlink-library.o
                0x0000000008009578                il_lora_modem_read_command
 .text.il_lora_modem_default_config
                0x0000000008009624       0x64 Drivers/Ironlink/ironlink-library.o
                0x0000000008009624                il_lora_modem_default_config
 .text.il_lora_modem_init
                0x0000000008009688       0xd4 Drivers/Ironlink/ironlink-library.o
                0x0000000008009688                il_lora_modem_init
 .text.il_lora_modem_parse_response
                0x000000000800975c       0xcc Drivers/Ironlink/ironlink-library.o
                0x000000000800975c                il_lora_modem_parse_response
 .text.il_lora_modem_join_network
                0x0000000008009828       0xac Drivers/Ironlink/ironlink-library.o
                0x0000000008009828                il_lora_modem_join_network
 .text.il_lora_modem_send_packet_u32
                0x00000000080098d4       0xac Drivers/Ironlink/ironlink-library.o
                0x00000000080098d4                il_lora_modem_send_packet_u32
 .text.HAL_Init
                0x0000000008009980       0x20 Drivers/STM32F0xx_HAL_Driver/Src/stm32f0xx_hal.o
                0x0000000008009980                HAL_Init
 .text.HAL_IncTick
                0x00000000080099a0       0x18 Drivers/STM32F0xx_HAL_Driver/Src/stm32f0xx_hal.o
                0x00000000080099a0                HAL_IncTick
 .text.HAL_GetTick
                0x00000000080099b8        0xc Drivers/STM32F0xx_HAL_Driver/Src/stm32f0xx_hal.o
                0x00000000080099b8                HAL_GetTick
 .text.HAL_ADC_Init
                0x00000000080099c4      0x270 Drivers/STM32F0xx_HAL_Driver/Src/stm32f0xx_hal_adc.o
                0x00000000080099c4                HAL_ADC_Init
 .text.HAL_ADC_ConvCpltCallback
                0x0000000008009c34        0x2 Drivers/STM32F0xx_HAL_Driver/Src/stm32f0xx_hal_adc.o
                0x0000000008009c34                HAL_ADC_ConvCpltCallback
 .text.HAL_ADC_LevelOutOfWindowCallback
                0x0000000008009c36        0x2 Drivers/STM32F0xx_HAL_Driver/Src/stm32f0xx_hal_adc.o
                0x0000000008009c36                HAL_ADC_LevelOutOfWindowCallback
 .text.HAL_ADC_ErrorCallback
                0x0000000008009c38        0x2 Drivers/STM32F0xx_HAL_Driver/Src/stm32f0xx_hal_adc.o
                0x0000000008009c38                HAL_ADC_ErrorCallback
 *fill*         0x0000000008009c3a        0x2 
 .text.HAL_ADC_IRQHandler
                0x0000000008009c3c      0x120 Drivers/STM32F0xx_HAL_Driver/Src/stm32f0xx_hal_adc.o
                0x0000000008009c3c                HAL_ADC_IRQHandler
 .text.HAL_ADC_ConfigChannel
                0x0000000008009d5c      0x15c Drivers/STM32F0xx_HAL_Driver/Src/stm32f0xx_hal_adc.o
                0x0000000008009d5c                HAL_ADC_ConfigChannel
 .text.HAL_NVIC_SetPriority
                0x0000000008009eb8       0x68 Drivers/STM32F0xx_HAL_Driver/Src/stm32f0xx_hal_cortex.o
                0x0000000008009eb8                HAL_NVIC_SetPriority
 .text.HAL_NVIC_EnableIRQ
                0x0000000008009f20       0x28 Drivers/STM32F0xx_HAL_Driver/Src/stm32f0xx_hal_cortex.o
                0x0000000008009f20                HAL_NVIC_EnableIRQ
 .text.HAL_DMA_Init
                0x0000000008009f48      0x13c Drivers/STM32F0xx_HAL_Driver/Src/stm32f0xx_hal_dma.o
                0x0000000008009f48                HAL_DMA_Init
 .text.HAL_DMA_Abort_IT
                0x000000000800a084       0x46 Drivers/STM32F0xx_HAL_Driver/Src/stm32f0xx_hal_dma.o
                0x000000000800a084                HAL_DMA_Abort_IT
 .text.HAL_DMA_IRQHandler
                0x000000000800a0ca       0x92 Drivers/STM32F0xx_HAL_Driver/Src/stm32f0xx_hal_dma.o
                0x000000000800a0ca                HAL_DMA_IRQHandler
 .text.HAL_DMA_GetState
                0x000000000800a15c        0x8 Drivers/STM32F0xx_HAL_Driver/Src/stm32f0xx_hal_dma.o
                0x000000000800a15c                HAL_DMA_GetState
 .text.FLASH_SetErrorCode
                0x000000000800a164       0x3c Drivers/STM32F0xx_HAL_Driver/Src/stm32f0xx_hal_flash.o
 .text.HAL_FLASH_EndOfOperationCallback
                0x000000000800a1a0        0x2 Drivers/STM32F0xx_HAL_Driver/Src/stm32f0xx_hal_flash.o
                0x000000000800a1a0                HAL_FLASH_EndOfOperationCallback
 .text.HAL_FLASH_OperationErrorCallback
                0x000000000800a1a2        0x2 Drivers/STM32F0xx_HAL_Driver/Src/stm32f0xx_hal_flash.o
                0x000000000800a1a2                HAL_FLASH_OperationErrorCallback
 .text.HAL_FLASH_IRQHandler
                0x000000000800a1a4      0x11c Drivers/STM32F0xx_HAL_Driver/Src/stm32f0xx_hal_flash.o
                0x000000000800a1a4                HAL_FLASH_IRQHandler
 .text.FLASH_PageErase
                0x000000000800a2c0       0x24 Drivers/STM32F0xx_HAL_Driver/Src/stm32f0xx_hal_flash_ex.o
                0x000000000800a2c0                FLASH_PageErase
 .text.HAL_GPIO_Init
                0x000000000800a2e4      0x250 Drivers/STM32F0xx_HAL_Driver/Src/stm32f0xx_hal_gpio.o
                0x000000000800a2e4                HAL_GPIO_Init
 .text.HAL_GPIO_WritePin
                0x000000000800a534       0x34 Drivers/STM32F0xx_HAL_Driver/Src/stm32f0xx_hal_gpio.o
                0x000000000800a534                HAL_GPIO_WritePin
 .text.HAL_GPIO_EXTI_Callback
                0x000000000800a568        0x2 Drivers/STM32F0xx_HAL_Driver/Src/stm32f0xx_hal_gpio.o
                0x000000000800a568                HAL_GPIO_EXTI_Callback
 *fill*         0x000000000800a56a        0x2 
 .text.HAL_GPIO_EXTI_IRQHandler
                0x000000000800a56c       0x18 Drivers/STM32F0xx_HAL_Driver/Src/stm32f0xx_hal_gpio.o
                0x000000000800a56c                HAL_GPIO_EXTI_IRQHandler
 .text.I2C_Flush_TXDR
                0x000000000800a584       0x1c Drivers/STM32F0xx_HAL_Driver/Src/stm32f0xx_hal_i2c.o
 .text.I2C_Disable_IRQ
                0x000000000800a5a0       0x48 Drivers/STM32F0xx_HAL_Driver/Src/stm32f0xx_hal_i2c.o
 .text.HAL_I2C_Init
                0x000000000800a5e8      0x154 Drivers/STM32F0xx_HAL_Driver/Src/stm32f0xx_hal_i2c.o
                0x000000000800a5e8                HAL_I2C_Init
 .text.HAL_I2C_EV_IRQHandler
                0x000000000800a73c       0x12 Drivers/STM32F0xx_HAL_Driver/Src/stm32f0xx_hal_i2c.o
                0x000000000800a73c                HAL_I2C_EV_IRQHandler
 .text.HAL_I2C_SlaveTxCpltCallback
                0x000000000800a74e        0x2 Drivers/STM32F0xx_HAL_Driver/Src/stm32f0xx_hal_i2c.o
                0x000000000800a74e                HAL_I2C_SlaveTxCpltCallback
 .text.HAL_I2C_SlaveRxCpltCallback
                0x000000000800a750        0x2 Drivers/STM32F0xx_HAL_Driver/Src/stm32f0xx_hal_i2c.o
                0x000000000800a750                HAL_I2C_SlaveRxCpltCallback
 *fill*         0x000000000800a752        0x2 
 .text.I2C_ITSlaveSeqCplt
                0x000000000800a754       0x84 Drivers/STM32F0xx_HAL_Driver/Src/stm32f0xx_hal_i2c.o
 .text.HAL_I2C_AddrCallback
                0x000000000800a7d8        0x2 Drivers/STM32F0xx_HAL_Driver/Src/stm32f0xx_hal_i2c.o
                0x000000000800a7d8                HAL_I2C_AddrCallback
 .text.I2C_ITAddrCplt.isra.0
                0x000000000800a7da       0x9a Drivers/STM32F0xx_HAL_Driver/Src/stm32f0xx_hal_i2c.o
 .text.HAL_I2C_ListenCpltCallback
                0x000000000800a874        0x2 Drivers/STM32F0xx_HAL_Driver/Src/stm32f0xx_hal_i2c.o
                0x000000000800a874                HAL_I2C_ListenCpltCallback
 *fill*         0x000000000800a876        0x2 
 .text.I2C_ITListenCplt
                0x000000000800a878       0x6c Drivers/STM32F0xx_HAL_Driver/Src/stm32f0xx_hal_i2c.o
 .text.HAL_I2C_ErrorCallback
                0x000000000800a8e4        0x2 Drivers/STM32F0xx_HAL_Driver/Src/stm32f0xx_hal_i2c.o
                0x000000000800a8e4                HAL_I2C_ErrorCallback
 .text.HAL_I2C_AbortCpltCallback
                0x000000000800a8e6        0x2 Drivers/STM32F0xx_HAL_Driver/Src/stm32f0xx_hal_i2c.o
                0x000000000800a8e6                HAL_I2C_AbortCpltCallback
 .text.I2C_TreatErrorCallback
                0x000000000800a8e8       0x2a Drivers/STM32F0xx_HAL_Driver/Src/stm32f0xx_hal_i2c.o
 *fill*         0x000000000800a912        0x2 
 .text.I2C_ITError
                0x000000000800a914       0xf4 Drivers/STM32F0xx_HAL_Driver/Src/stm32f0xx_hal_i2c.o
 .text.I2C_ITSlaveCplt
                0x000000000800aa08      0x138 Drivers/STM32F0xx_HAL_Driver/Src/stm32f0xx_hal_i2c.o
 .text.I2C_Slave_ISR_IT
                0x000000000800ab40      0x130 Drivers/STM32F0xx_HAL_Driver/Src/stm32f0xx_hal_i2c.o
 .text.HAL_I2C_ER_IRQHandler
                0x000000000800ac70       0x62 Drivers/STM32F0xx_HAL_Driver/Src/stm32f0xx_hal_i2c.o
                0x000000000800ac70                HAL_I2C_ER_IRQHandler
 .text.I2C_DMAAbort
                0x000000000800acd2       0x1e Drivers/STM32F0xx_HAL_Driver/Src/stm32f0xx_hal_i2c.o
 .text.HAL_I2CEx_ConfigAnalogFilter
                0x000000000800acf0       0x80 Drivers/STM32F0xx_HAL_Driver/Src/stm32f0xx_hal_i2c_ex.o
                0x000000000800acf0                HAL_I2CEx_ConfigAnalogFilter
 .text.HAL_I2CEx_ConfigDigitalFilter
                0x000000000800ad70       0x78 Drivers/STM32F0xx_HAL_Driver/Src/stm32f0xx_hal_i2c_ex.o
                0x000000000800ad70                HAL_I2CEx_ConfigDigitalFilter
 .text.HAL_PCD_Init
                0x000000000800ade8       0xf0 Drivers/STM32F0xx_HAL_Driver/Src/stm32f0xx_hal_pcd.o
                0x000000000800ade8                HAL_PCD_Init
 .text.HAL_PCD_Start
                0x000000000800aed8       0x26 Drivers/STM32F0xx_HAL_Driver/Src/stm32f0xx_hal_pcd.o
                0x000000000800aed8                HAL_PCD_Start
 .text.HAL_PCD_SetAddress
                0x000000000800aefe       0x24 Drivers/STM32F0xx_HAL_Driver/Src/stm32f0xx_hal_pcd.o
                0x000000000800aefe                HAL_PCD_SetAddress
 *fill*         0x000000000800af22        0x2 
 .text.HAL_PCD_IRQHandler
                0x000000000800af24      0x850 Drivers/STM32F0xx_HAL_Driver/Src/stm32f0xx_hal_pcd.o
                0x000000000800af24                HAL_PCD_IRQHandler
 .text.HAL_PCD_EP_Open
                0x000000000800b774       0x62 Drivers/STM32F0xx_HAL_Driver/Src/stm32f0xx_hal_pcd.o
                0x000000000800b774                HAL_PCD_EP_Open
 .text.HAL_PCD_EP_Close
                0x000000000800b7d6       0x4e Drivers/STM32F0xx_HAL_Driver/Src/stm32f0xx_hal_pcd.o
                0x000000000800b7d6                HAL_PCD_EP_Close
 .text.HAL_PCD_EP_Receive
                0x000000000800b824       0x42 Drivers/STM32F0xx_HAL_Driver/Src/stm32f0xx_hal_pcd.o
                0x000000000800b824                HAL_PCD_EP_Receive
 .text.HAL_PCD_EP_GetRxCount
                0x000000000800b866       0x12 Drivers/STM32F0xx_HAL_Driver/Src/stm32f0xx_hal_pcd.o
                0x000000000800b866                HAL_PCD_EP_GetRxCount
 .text.HAL_PCD_EP_Transmit
                0x000000000800b878       0x3a Drivers/STM32F0xx_HAL_Driver/Src/stm32f0xx_hal_pcd.o
                0x000000000800b878                HAL_PCD_EP_Transmit
 .text.HAL_PCD_EP_SetStall
                0x000000000800b8b2       0x56 Drivers/STM32F0xx_HAL_Driver/Src/stm32f0xx_hal_pcd.o
                0x000000000800b8b2                HAL_PCD_EP_SetStall
 .text.HAL_PCD_EP_ClrStall
                0x000000000800b908       0x5e Drivers/STM32F0xx_HAL_Driver/Src/stm32f0xx_hal_pcd.o
                0x000000000800b908                HAL_PCD_EP_ClrStall
 .text.HAL_PCDEx_PMAConfig
                0x000000000800b966       0x34 Drivers/STM32F0xx_HAL_Driver/Src/stm32f0xx_hal_pcd_ex.o
                0x000000000800b966                HAL_PCDEx_PMAConfig
 .text.HAL_PCDEx_ActivateLPM
                0x000000000800b99a       0x28 Drivers/STM32F0xx_HAL_Driver/Src/stm32f0xx_hal_pcd_ex.o
                0x000000000800b99a                HAL_PCDEx_ActivateLPM
 .text.HAL_PCDEx_LPM_Callback
                0x000000000800b9c2        0x2 Drivers/STM32F0xx_HAL_Driver/Src/stm32f0xx_hal_pcd_ex.o
                0x000000000800b9c2                HAL_PCDEx_LPM_Callback
 .text.HAL_RCC_OscConfig
                0x000000000800b9c4      0x540 Drivers/STM32F0xx_HAL_Driver/Src/stm32f0xx_hal_rcc.o
                0x000000000800b9c4                HAL_RCC_OscConfig
 .text.HAL_RCC_GetSysClockFreq
                0x000000000800bf04       0x58 Drivers/STM32F0xx_HAL_Driver/Src/stm32f0xx_hal_rcc.o
                0x000000000800bf04                HAL_RCC_GetSysClockFreq
 .text.HAL_RCC_ClockConfig
                0x000000000800bf5c      0x1a8 Drivers/STM32F0xx_HAL_Driver/Src/stm32f0xx_hal_rcc.o
                0x000000000800bf5c                HAL_RCC_ClockConfig
 .text.HAL_RCC_GetPCLK1Freq
                0x000000000800c104       0x20 Drivers/STM32F0xx_HAL_Driver/Src/stm32f0xx_hal_rcc.o
                0x000000000800c104                HAL_RCC_GetPCLK1Freq
 .text.HAL_RCC_GetClockConfig
                0x000000000800c124       0x60 Drivers/STM32F0xx_HAL_Driver/Src/stm32f0xx_hal_rcc.o
                0x000000000800c124                HAL_RCC_GetClockConfig
 .text.HAL_RCCEx_PeriphCLKConfig
                0x000000000800c184      0x180 Drivers/STM32F0xx_HAL_Driver/Src/stm32f0xx_hal_rcc_ex.o
                0x000000000800c184                HAL_RCCEx_PeriphCLKConfig
 .text.HAL_SPI_ErrorCallback
                0x000000000800c304        0x2 Drivers/STM32F0xx_HAL_Driver/Src/stm32f0xx_hal_spi.o
                0x000000000800c304                HAL_SPI_ErrorCallback
 *fill*         0x000000000800c306        0x2 
 .text.HAL_SPI_IRQHandler
                0x000000000800c308      0x120 Drivers/STM32F0xx_HAL_Driver/Src/stm32f0xx_hal_spi.o
                0x000000000800c308                HAL_SPI_IRQHandler
 .text.SPI_DMAAbortOnError
                0x000000000800c428       0x14 Drivers/STM32F0xx_HAL_Driver/Src/stm32f0xx_hal_spi.o
 .text.HAL_TIM_Base_Start_IT
                0x000000000800c43c       0xac Drivers/STM32F0xx_HAL_Driver/Src/stm32f0xx_hal_tim.o
                0x000000000800c43c                HAL_TIM_Base_Start_IT
 .text.HAL_TIM_OC_DelayElapsedCallback
                0x000000000800c4e8        0x2 Drivers/STM32F0xx_HAL_Driver/Src/stm32f0xx_hal_tim.o
                0x000000000800c4e8                HAL_TIM_OC_DelayElapsedCallback
 .text.HAL_TIM_IC_CaptureCallback
                0x000000000800c4ea        0x2 Drivers/STM32F0xx_HAL_Driver/Src/stm32f0xx_hal_tim.o
                0x000000000800c4ea                HAL_TIM_IC_CaptureCallback
 .text.HAL_TIM_PWM_PulseFinishedCallback
                0x000000000800c4ec        0x2 Drivers/STM32F0xx_HAL_Driver/Src/stm32f0xx_hal_tim.o
                0x000000000800c4ec                HAL_TIM_PWM_PulseFinishedCallback
 .text.HAL_TIM_TriggerCallback
                0x000000000800c4ee        0x2 Drivers/STM32F0xx_HAL_Driver/Src/stm32f0xx_hal_tim.o
                0x000000000800c4ee                HAL_TIM_TriggerCallback
 .text.HAL_TIM_IRQHandler
                0x000000000800c4f0      0x148 Drivers/STM32F0xx_HAL_Driver/Src/stm32f0xx_hal_tim.o
                0x000000000800c4f0                HAL_TIM_IRQHandler
 .text.TIM_Base_SetConfig
                0x000000000800c638       0x90 Drivers/STM32F0xx_HAL_Driver/Src/stm32f0xx_hal_tim.o
                0x000000000800c638                TIM_Base_SetConfig
 .text.HAL_TIM_Base_Init
                0x000000000800c6c8      0x104 Drivers/STM32F0xx_HAL_Driver/Src/stm32f0xx_hal_tim.o
                0x000000000800c6c8                HAL_TIM_Base_Init
 .text.TIM_ETR_SetConfig
                0x000000000800c7cc       0x18 Drivers/STM32F0xx_HAL_Driver/Src/stm32f0xx_hal_tim.o
                0x000000000800c7cc                TIM_ETR_SetConfig
 .text.HAL_TIM_ConfigClockSource
                0x000000000800c7e4      0x3d4 Drivers/STM32F0xx_HAL_Driver/Src/stm32f0xx_hal_tim.o
                0x000000000800c7e4                HAL_TIM_ConfigClockSource
 .text.HAL_TIMEx_MasterConfigSynchronization
                0x000000000800cbb8       0xbc Drivers/STM32F0xx_HAL_Driver/Src/stm32f0xx_hal_tim_ex.o
                0x000000000800cbb8                HAL_TIMEx_MasterConfigSynchronization
 .text.HAL_TIMEx_CommutCallback
                0x000000000800cc74        0x2 Drivers/STM32F0xx_HAL_Driver/Src/stm32f0xx_hal_tim_ex.o
                0x000000000800cc74                HAL_TIMEx_CommutCallback
 .text.HAL_TIMEx_BreakCallback
                0x000000000800cc76        0x2 Drivers/STM32F0xx_HAL_Driver/Src/stm32f0xx_hal_tim_ex.o
                0x000000000800cc76                HAL_TIMEx_BreakCallback
 .text.UART_TxISR_8BIT
                0x000000000800cc78       0x3a Drivers/STM32F0xx_HAL_Driver/Src/stm32f0xx_hal_uart.o
 .text.UART_TxISR_16BIT
                0x000000000800ccb2       0x3e Drivers/STM32F0xx_HAL_Driver/Src/stm32f0xx_hal_uart.o
 .text.HAL_UART_Transmit_IT
                0x000000000800ccf0       0x7c Drivers/STM32F0xx_HAL_Driver/Src/stm32f0xx_hal_uart.o
                0x000000000800ccf0                HAL_UART_Transmit_IT
 .text.HAL_UART_RxCpltCallback
                0x000000000800cd6c        0x2 Drivers/STM32F0xx_HAL_Driver/Src/stm32f0xx_hal_uart.o
                0x000000000800cd6c                HAL_UART_RxCpltCallback
 .text.HAL_UART_AbortTransmitCpltCallback
                0x000000000800cd6e        0x2 Drivers/STM32F0xx_HAL_Driver/Src/stm32f0xx_hal_uart.o
                0x000000000800cd6e                HAL_UART_AbortTransmitCpltCallback
 .text.HAL_UART_AbortTransmit_IT
                0x000000000800cd70       0x60 Drivers/STM32F0xx_HAL_Driver/Src/stm32f0xx_hal_uart.o
                0x000000000800cd70                HAL_UART_AbortTransmit_IT
 .text.UART_DMATxOnlyAbortCallback
                0x000000000800cdd0       0x16 Drivers/STM32F0xx_HAL_Driver/Src/stm32f0xx_hal_uart.o
 .text.HAL_UARTEx_RxEventCallback
                0x000000000800cde6        0x2 Drivers/STM32F0xx_HAL_Driver/Src/stm32f0xx_hal_uart.o
                0x000000000800cde6                HAL_UARTEx_RxEventCallback
 .text.UART_RxISR_8BIT
                0x000000000800cde8       0x84 Drivers/STM32F0xx_HAL_Driver/Src/stm32f0xx_hal_uart.o
 .text.UART_RxISR_16BIT
                0x000000000800ce6c       0x80 Drivers/STM32F0xx_HAL_Driver/Src/stm32f0xx_hal_uart.o
 .text.UART_SetConfig
                0x000000000800ceec      0x214 Drivers/STM32F0xx_HAL_Driver/Src/stm32f0xx_hal_uart.o
                0x000000000800ceec                UART_SetConfig
 .text.UART_AdvFeatureConfig
                0x000000000800d100      0x1b8 Drivers/STM32F0xx_HAL_Driver/Src/stm32f0xx_hal_uart.o
                0x000000000800d100                UART_AdvFeatureConfig
 .text.UART_WaitOnFlagUntilTimeout
                0x000000000800d2b8       0x90 Drivers/STM32F0xx_HAL_Driver/Src/stm32f0xx_hal_uart.o
                0x000000000800d2b8                UART_WaitOnFlagUntilTimeout
 .text.UART_CheckIdleState
                0x000000000800d348       0x64 Drivers/STM32F0xx_HAL_Driver/Src/stm32f0xx_hal_uart.o
                0x000000000800d348                UART_CheckIdleState
 .text.HAL_UART_Init
                0x000000000800d3ac       0xc0 Drivers/STM32F0xx_HAL_Driver/Src/stm32f0xx_hal_uart.o
                0x000000000800d3ac                HAL_UART_Init
 .text.UART_Start_Receive_IT
                0x000000000800d46c       0x94 Drivers/STM32F0xx_HAL_Driver/Src/stm32f0xx_hal_uart.o
                0x000000000800d46c                UART_Start_Receive_IT
 .text.HAL_UART_Receive_IT
                0x000000000800d500       0x5c Drivers/STM32F0xx_HAL_Driver/Src/stm32f0xx_hal_uart.o
                0x000000000800d500                HAL_UART_Receive_IT
 .text.USB_EnableGlobalInt
                0x000000000800d55c       0x14 Drivers/STM32F0xx_HAL_Driver/Src/stm32f0xx_ll_usb.o
                0x000000000800d55c                USB_EnableGlobalInt
 .text.USB_DisableGlobalInt
                0x000000000800d570       0x14 Drivers/STM32F0xx_HAL_Driver/Src/stm32f0xx_ll_usb.o
                0x000000000800d570                USB_DisableGlobalInt
 .text.USB_DevInit
                0x000000000800d584       0x26 Drivers/STM32F0xx_HAL_Driver/Src/stm32f0xx_ll_usb.o
                0x000000000800d584                USB_DevInit
 *fill*         0x000000000800d5aa        0x2 
 .text.USB_ActivateEndpoint
                0x000000000800d5ac      0x268 Drivers/STM32F0xx_HAL_Driver/Src/stm32f0xx_ll_usb.o
                0x000000000800d5ac                USB_ActivateEndpoint
 .text.USB_DeactivateEndpoint
                0x000000000800d814      0x12c Drivers/STM32F0xx_HAL_Driver/Src/stm32f0xx_ll_usb.o
                0x000000000800d814                USB_DeactivateEndpoint
 .text.USB_EPSetStall
                0x000000000800d940       0x3c Drivers/STM32F0xx_HAL_Driver/Src/stm32f0xx_ll_usb.o
                0x000000000800d940                USB_EPSetStall
 .text.USB_EPClearStall
                0x000000000800d97c       0x84 Drivers/STM32F0xx_HAL_Driver/Src/stm32f0xx_ll_usb.o
                0x000000000800d97c                USB_EPClearStall
 .text.USB_SetDevAddress
                0x000000000800da00        0xe Drivers/STM32F0xx_HAL_Driver/Src/stm32f0xx_ll_usb.o
                0x000000000800da00                USB_SetDevAddress
 .text.USB_DevConnect
                0x000000000800da0e       0x10 Drivers/STM32F0xx_HAL_Driver/Src/stm32f0xx_ll_usb.o
                0x000000000800da0e                USB_DevConnect
 .text.USB_ReadInterrupts
                0x000000000800da1e        0x8 Drivers/STM32F0xx_HAL_Driver/Src/stm32f0xx_ll_usb.o
                0x000000000800da1e                USB_ReadInterrupts
 .text.USB_WritePMA
                0x000000000800da26       0x2a Drivers/STM32F0xx_HAL_Driver/Src/stm32f0xx_ll_usb.o
                0x000000000800da26                USB_WritePMA
 .text.USB_EPStartXfer
                0x000000000800da50      0x588 Drivers/STM32F0xx_HAL_Driver/Src/stm32f0xx_ll_usb.o
                0x000000000800da50                USB_EPStartXfer
 .text.USB_ReadPMA
                0x000000000800dfd8       0x38 Drivers/STM32F0xx_HAL_Driver/Src/stm32f0xx_ll_usb.o
                0x000000000800dfd8                USB_ReadPMA
 .text.USBD_CDC_EP0_RxReady
                0x000000000800e010       0x34 Middlewares/ST/STM32_USB_Device_Library/Class/CDC/Src/usbd_cdc.o
 .text.USBD_CDC_GetFSCfgDesc
                0x000000000800e044        0xc Middlewares/ST/STM32_USB_Device_Library/Class/CDC/Src/usbd_cdc.o
 .text.USBD_CDC_GetHSCfgDesc
                0x000000000800e050        0xc Middlewares/ST/STM32_USB_Device_Library/Class/CDC/Src/usbd_cdc.o
 .text.USBD_CDC_GetOtherSpeedCfgDesc
                0x000000000800e05c        0xc Middlewares/ST/STM32_USB_Device_Library/Class/CDC/Src/usbd_cdc.o
 .text.USBD_CDC_GetDeviceQualifierDescriptor
                0x000000000800e068        0xc Middlewares/ST/STM32_USB_Device_Library/Class/CDC/Src/usbd_cdc.o
                0x000000000800e068                USBD_CDC_GetDeviceQualifierDescriptor
 .text.USBD_CDC_DataOut
                0x000000000800e074       0x34 Middlewares/ST/STM32_USB_Device_Library/Class/CDC/Src/usbd_cdc.o
 .text.USBD_CDC_DataIn
                0x000000000800e0a8       0x54 Middlewares/ST/STM32_USB_Device_Library/Class/CDC/Src/usbd_cdc.o
 .text.USBD_CDC_Setup
                0x000000000800e0fc       0xc8 Middlewares/ST/STM32_USB_Device_Library/Class/CDC/Src/usbd_cdc.o
 .text.USBD_CDC_DeInit
                0x000000000800e1c4       0x46 Middlewares/ST/STM32_USB_Device_Library/Class/CDC/Src/usbd_cdc.o
 .text.USBD_CDC_Init
                0x000000000800e20a       0xa4 Middlewares/ST/STM32_USB_Device_Library/Class/CDC/Src/usbd_cdc.o
 .text.USBD_CDC_RegisterInterface
                0x000000000800e2ae       0x12 Middlewares/ST/STM32_USB_Device_Library/Class/CDC/Src/usbd_cdc.o
                0x000000000800e2ae                USBD_CDC_RegisterInterface
 .text.USBD_CDC_SetTxBuffer
                0x000000000800e2c0       0x16 Middlewares/ST/STM32_USB_Device_Library/Class/CDC/Src/usbd_cdc.o
                0x000000000800e2c0                USBD_CDC_SetTxBuffer
 .text.USBD_CDC_SetRxBuffer
                0x000000000800e2d6        0xe Middlewares/ST/STM32_USB_Device_Library/Class/CDC/Src/usbd_cdc.o
                0x000000000800e2d6                USBD_CDC_SetRxBuffer
 .text.USBD_CDC_TransmitPacket
                0x000000000800e2e4       0x38 Middlewares/ST/STM32_USB_Device_Library/Class/CDC/Src/usbd_cdc.o
                0x000000000800e2e4                USBD_CDC_TransmitPacket
 .text.USBD_CDC_ReceivePacket
                0x000000000800e31c       0x34 Middlewares/ST/STM32_USB_Device_Library/Class/CDC/Src/usbd_cdc.o
                0x000000000800e31c                USBD_CDC_ReceivePacket
 .text.USBD_Init
                0x000000000800e350       0x34 Middlewares/ST/STM32_USB_Device_Library/Core/Src/usbd_core.o
                0x000000000800e350                USBD_Init
 .text.USBD_RegisterClass
                0x000000000800e384       0x12 Middlewares/ST/STM32_USB_Device_Library/Core/Src/usbd_core.o
                0x000000000800e384                USBD_RegisterClass
 .text.USBD_Start
                0x000000000800e396        0xa Middlewares/ST/STM32_USB_Device_Library/Core/Src/usbd_core.o
                0x000000000800e396                USBD_Start
 .text.USBD_SetClassConfig
                0x000000000800e3a0       0x1a Middlewares/ST/STM32_USB_Device_Library/Core/Src/usbd_core.o
                0x000000000800e3a0                USBD_SetClassConfig
 .text.USBD_ClrClassConfig
                0x000000000800e3ba       0x10 Middlewares/ST/STM32_USB_Device_Library/Core/Src/usbd_core.o
                0x000000000800e3ba                USBD_ClrClassConfig
 *fill*         0x000000000800e3ca        0x2 
 .text.USBD_LL_SetupStage
                0x000000000800e3cc       0x64 Middlewares/ST/STM32_USB_Device_Library/Core/Src/usbd_core.o
                0x000000000800e3cc                USBD_LL_SetupStage
 .text.USBD_LL_DataOutStage
                0x000000000800e430       0x8c Middlewares/ST/STM32_USB_Device_Library/Core/Src/usbd_core.o
                0x000000000800e430                USBD_LL_DataOutStage
 .text.USBD_LL_DataInStage
                0x000000000800e4bc       0xca Middlewares/ST/STM32_USB_Device_Library/Core/Src/usbd_core.o
                0x000000000800e4bc                USBD_LL_DataInStage
 .text.USBD_LL_Reset
                0x000000000800e586       0x54 Middlewares/ST/STM32_USB_Device_Library/Core/Src/usbd_core.o
                0x000000000800e586                USBD_LL_Reset
 .text.USBD_LL_SetSpeed
                0x000000000800e5da        0x6 Middlewares/ST/STM32_USB_Device_Library/Core/Src/usbd_core.o
                0x000000000800e5da                USBD_LL_SetSpeed
 .text.USBD_LL_Suspend
                0x000000000800e5e0       0x18 Middlewares/ST/STM32_USB_Device_Library/Core/Src/usbd_core.o
                0x000000000800e5e0                USBD_LL_Suspend
 .text.USBD_LL_Resume
                0x000000000800e5f8       0x18 Middlewares/ST/STM32_USB_Device_Library/Core/Src/usbd_core.o
                0x000000000800e5f8                USBD_LL_Resume
 .text.USBD_LL_SOF
                0x000000000800e610       0x1e Middlewares/ST/STM32_USB_Device_Library/Core/Src/usbd_core.o
                0x000000000800e610                USBD_LL_SOF
 .text.USBD_CtlError.constprop.0
                0x000000000800e62e       0x14 Middlewares/ST/STM32_USB_Device_Library/Core/Src/usbd_ctlreq.o
 *fill*         0x000000000800e642        0x2 
 .text.USBD_StdDevReq
                0x000000000800e644      0x26c Middlewares/ST/STM32_USB_Device_Library/Core/Src/usbd_ctlreq.o
                0x000000000800e644                USBD_StdDevReq
 .text.USBD_StdItfReq
                0x000000000800e8b0       0x50 Middlewares/ST/STM32_USB_Device_Library/Core/Src/usbd_ctlreq.o
                0x000000000800e8b0                USBD_StdItfReq
 .text.USBD_StdEPReq
                0x000000000800e900      0x12c Middlewares/ST/STM32_USB_Device_Library/Core/Src/usbd_ctlreq.o
                0x000000000800e900                USBD_StdEPReq
 .text.USBD_ParseSetupRequest
                0x000000000800ea2c       0x28 Middlewares/ST/STM32_USB_Device_Library/Core/Src/usbd_ctlreq.o
                0x000000000800ea2c                USBD_ParseSetupRequest
 .text.USBD_CtlError
                0x000000000800ea54       0x14 Middlewares/ST/STM32_USB_Device_Library/Core/Src/usbd_ctlreq.o
                0x000000000800ea54                USBD_CtlError
 .text.USBD_GetString
                0x000000000800ea68       0x3c Middlewares/ST/STM32_USB_Device_Library/Core/Src/usbd_ctlreq.o
                0x000000000800ea68                USBD_GetString
 .text.USBD_CtlSendData
                0x000000000800eaa4       0x1c Middlewares/ST/STM32_USB_Device_Library/Core/Src/usbd_ioreq.o
                0x000000000800eaa4                USBD_CtlSendData
 .text.USBD_CtlContinueSendData
                0x000000000800eac0       0x10 Middlewares/ST/STM32_USB_Device_Library/Core/Src/usbd_ioreq.o
                0x000000000800eac0                USBD_CtlContinueSendData
 .text.USBD_CtlPrepareRx
                0x000000000800ead0       0x20 Middlewares/ST/STM32_USB_Device_Library/Core/Src/usbd_ioreq.o
                0x000000000800ead0                USBD_CtlPrepareRx
 .text.USBD_CtlContinueRx
                0x000000000800eaf0       0x10 Middlewares/ST/STM32_USB_Device_Library/Core/Src/usbd_ioreq.o
                0x000000000800eaf0                USBD_CtlContinueRx
 .text.USBD_CtlSendStatus
                0x000000000800eb00       0x18 Middlewares/ST/STM32_USB_Device_Library/Core/Src/usbd_ioreq.o
                0x000000000800eb00                USBD_CtlSendStatus
 .text.USBD_CtlReceiveStatus
                0x000000000800eb18       0x18 Middlewares/ST/STM32_USB_Device_Library/Core/Src/usbd_ioreq.o
                0x000000000800eb18                USBD_CtlReceiveStatus
 .text.osKernelStart
                0x000000000800eb30        0xa Middlewares/Third_Party/FreeRTOS/Source/CMSIS_RTOS/cmsis_os.o
                0x000000000800eb30                osKernelStart
 .text.osThreadCreate
                0x000000000800eb3a       0x56 Middlewares/Third_Party/FreeRTOS/Source/CMSIS_RTOS/cmsis_os.o
                0x000000000800eb3a                osThreadCreate
 .text.osDelay  0x000000000800eb90       0x10 Middlewares/Third_Party/FreeRTOS/Source/CMSIS_RTOS/cmsis_os.o
                0x000000000800eb90                osDelay
 .text.vListInitialise
                0x000000000800eba0       0x16 Middlewares/Third_Party/FreeRTOS/Source/list.o
                0x000000000800eba0                vListInitialise
 .text.vListInitialiseItem
                0x000000000800ebb6        0x6 Middlewares/Third_Party/FreeRTOS/Source/list.o
                0x000000000800ebb6                vListInitialiseItem
 .text.vListInsertEnd
                0x000000000800ebbc       0x18 Middlewares/Third_Party/FreeRTOS/Source/list.o
                0x000000000800ebbc                vListInsertEnd
 .text.vListInsert
                0x000000000800ebd4       0x2e Middlewares/Third_Party/FreeRTOS/Source/list.o
                0x000000000800ebd4                vListInsert
 .text.uxListRemove
                0x000000000800ec02       0x20 Middlewares/Third_Party/FreeRTOS/Source/list.o
                0x000000000800ec02                uxListRemove
 *fill*         0x000000000800ec22        0x2 
 .text.prvAddNewTaskToReadyList
                0x000000000800ec24      0x114 Middlewares/Third_Party/FreeRTOS/Source/tasks.o
 .text.prvResetNextTaskUnblockTime
                0x000000000800ed38       0x28 Middlewares/Third_Party/FreeRTOS/Source/tasks.o
 .text.prvInitialiseNewTask.isra.0
                0x000000000800ed60       0x80 Middlewares/Third_Party/FreeRTOS/Source/tasks.o
 .text.prvDeleteTCB
                0x000000000800ede0       0x28 Middlewares/Third_Party/FreeRTOS/Source/tasks.o
 .text.prvIdleTask
                0x000000000800ee08       0x54 Middlewares/Third_Party/FreeRTOS/Source/tasks.o
 .text.prvAddCurrentTaskToDelayedList
                0x000000000800ee5c       0x70 Middlewares/Third_Party/FreeRTOS/Source/tasks.o
 .text.xTaskCreateStatic
                0x000000000800eecc       0x4a Middlewares/Third_Party/FreeRTOS/Source/tasks.o
                0x000000000800eecc                xTaskCreateStatic
 .text.xTaskCreate
                0x000000000800ef16       0x58 Middlewares/Third_Party/FreeRTOS/Source/tasks.o
                0x000000000800ef16                xTaskCreate
 *fill*         0x000000000800ef6e        0x2 
 .text.vTaskStartScheduler
                0x000000000800ef70       0x60 Middlewares/Third_Party/FreeRTOS/Source/tasks.o
                0x000000000800ef70                vTaskStartScheduler
 .text.vTaskSuspendAll
                0x000000000800efd0       0x10 Middlewares/Third_Party/FreeRTOS/Source/tasks.o
                0x000000000800efd0                vTaskSuspendAll
 .text.xTaskIncrementTick
                0x000000000800efe0      0x100 Middlewares/Third_Party/FreeRTOS/Source/tasks.o
                0x000000000800efe0                xTaskIncrementTick
 .text.xTaskResumeAll
                0x000000000800f0e0       0xd0 Middlewares/Third_Party/FreeRTOS/Source/tasks.o
                0x000000000800f0e0                xTaskResumeAll
 .text.vTaskDelay
                0x000000000800f1b0       0x34 Middlewares/Third_Party/FreeRTOS/Source/tasks.o
                0x000000000800f1b0                vTaskDelay
 .text.vTaskSwitchContext
                0x000000000800f1e4       0x6c Middlewares/Third_Party/FreeRTOS/Source/tasks.o
                0x000000000800f1e4                vTaskSwitchContext
 .text.prvTaskExitError
                0x000000000800f250       0x24 Middlewares/Third_Party/FreeRTOS/Source/portable/GCC/ARM_CM0/port.o
 *fill*         0x000000000800f274        0xc 
 .text.vPortStartFirstTask
                0x000000000800f280       0x34 Middlewares/Third_Party/FreeRTOS/Source/portable/GCC/ARM_CM0/port.o
 .text.pxPortInitialiseStack
                0x000000000800f2b4       0x20 Middlewares/Third_Party/FreeRTOS/Source/portable/GCC/ARM_CM0/port.o
                0x000000000800f2b4                pxPortInitialiseStack
 .text.SVC_Handler
                0x000000000800f2d4        0x2 Middlewares/Third_Party/FreeRTOS/Source/portable/GCC/ARM_CM0/port.o
                0x000000000800f2d4                SVC_Handler
 *fill*         0x000000000800f2d6        0x2 
 .text.xPortStartScheduler
                0x000000000800f2d8       0x64 Middlewares/Third_Party/FreeRTOS/Source/portable/GCC/ARM_CM0/port.o
                0x000000000800f2d8                xPortStartScheduler
 .text.vPortYield
                0x000000000800f33c       0x18 Middlewares/Third_Party/FreeRTOS/Source/portable/GCC/ARM_CM0/port.o
                0x000000000800f33c                vPortYield
 .text.vPortEnterCritical
                0x000000000800f354       0x18 Middlewares/Third_Party/FreeRTOS/Source/portable/GCC/ARM_CM0/port.o
                0x000000000800f354                vPortEnterCritical
 .text.vPortExitCritical
                0x000000000800f36c       0x1c Middlewares/Third_Party/FreeRTOS/Source/portable/GCC/ARM_CM0/port.o
                0x000000000800f36c                vPortExitCritical
 .text.ulSetInterruptMaskFromISR
                0x000000000800f388        0x8 Middlewares/Third_Party/FreeRTOS/Source/portable/GCC/ARM_CM0/port.o
                0x000000000800f388                ulSetInterruptMaskFromISR
 .text.vClearInterruptMaskFromISR
                0x000000000800f390        0x6 Middlewares/Third_Party/FreeRTOS/Source/portable/GCC/ARM_CM0/port.o
                0x000000000800f390                vClearInterruptMaskFromISR
 *fill*         0x000000000800f396        0xa 
 .text.PendSV_Handler
                0x000000000800f3a0       0x44 Middlewares/Third_Party/FreeRTOS/Source/portable/GCC/ARM_CM0/port.o
                0x000000000800f3a0                PendSV_Handler
 .text.SysTick_Handler
                0x000000000800f3e4       0x24 Middlewares/Third_Party/FreeRTOS/Source/portable/GCC/ARM_CM0/port.o
                0x000000000800f3e4                SysTick_Handler
 .text.prvInsertBlockIntoFreeList
                0x000000000800f408       0x48 Middlewares/Third_Party/FreeRTOS/Source/portable/MemMang/heap_4.o
 .text.pvPortMalloc
                0x000000000800f450       0xfc Middlewares/Third_Party/FreeRTOS/Source/portable/MemMang/heap_4.o
                0x000000000800f450                pvPortMalloc
 .text.vPortFree
                0x000000000800f54c       0x48 Middlewares/Third_Party/FreeRTOS/Source/portable/MemMang/heap_4.o
                0x000000000800f54c                vPortFree
 .text.MX_USB_DEVICE_Init
                0x000000000800f594       0x58 USB_DEVICE/App/usb_device.o
                0x000000000800f594                MX_USB_DEVICE_Init
 .text.CDC_DeInit_FS
                0x000000000800f5ec        0x4 USB_DEVICE/App/usbd_cdc_if.o
 .text.CDC_Control_FS
                0x000000000800f5f0        0x4 USB_DEVICE/App/usbd_cdc_if.o
 .text.CDC_Init_FS
                0x000000000800f5f4       0x28 USB_DEVICE/App/usbd_cdc_if.o
 .text.CDC_Transmit_FS
                0x000000000800f61c       0x2c USB_DEVICE/App/usbd_cdc_if.o
                0x000000000800f61c                CDC_Transmit_FS
 .text.CDC_Receive_FS
                0x000000000800f648       0x34 USB_DEVICE/App/usbd_cdc_if.o
 .text.USBD_FS_DeviceDescriptor
                0x000000000800f67c        0xc USB_DEVICE/App/usbd_desc.o
                0x000000000800f67c                USBD_FS_DeviceDescriptor
 .text.USBD_FS_LangIDStrDescriptor
                0x000000000800f688        0xc USB_DEVICE/App/usbd_desc.o
                0x000000000800f688                USBD_FS_LangIDStrDescriptor
 .text.IntToUnicode
                0x000000000800f694       0x24 USB_DEVICE/App/usbd_desc.o
 .text.USBD_FS_SerialStrDescriptor
                0x000000000800f6b8       0x44 USB_DEVICE/App/usbd_desc.o
                0x000000000800f6b8                USBD_FS_SerialStrDescriptor
 .text.USBD_FS_ManufacturerStrDescriptor
                0x000000000800f6fc       0x1c USB_DEVICE/App/usbd_desc.o
                0x000000000800f6fc                USBD_FS_ManufacturerStrDescriptor
 .text.USBD_FS_ProductStrDescriptor
                0x000000000800f718       0x1c USB_DEVICE/App/usbd_desc.o
                0x000000000800f718                USBD_FS_ProductStrDescriptor
 .text.USBD_FS_ConfigStrDescriptor
                0x000000000800f734       0x1c USB_DEVICE/App/usbd_desc.o
                0x000000000800f734                USBD_FS_ConfigStrDescriptor
 .text.USBD_FS_InterfaceStrDescriptor
                0x000000000800f750       0x1c USB_DEVICE/App/usbd_desc.o
                0x000000000800f750                USBD_FS_InterfaceStrDescriptor
 .text.HAL_PCD_MspInit
                0x000000000800f76c       0x38 USB_DEVICE/Target/usbd_conf.o
                0x000000000800f76c                HAL_PCD_MspInit
 .text.HAL_PCD_SetupStageCallback
                0x000000000800f7a4       0x12 USB_DEVICE/Target/usbd_conf.o
                0x000000000800f7a4                HAL_PCD_SetupStageCallback
 .text.HAL_PCD_DataOutStageCallback
                0x000000000800f7b6       0x1a USB_DEVICE/Target/usbd_conf.o
                0x000000000800f7b6                HAL_PCD_DataOutStageCallback
 .text.HAL_PCD_DataInStageCallback
                0x000000000800f7d0       0x16 USB_DEVICE/Target/usbd_conf.o
                0x000000000800f7d0                HAL_PCD_DataInStageCallback
 .text.HAL_PCD_SOFCallback
                0x000000000800f7e6        0xe USB_DEVICE/Target/usbd_conf.o
                0x000000000800f7e6                HAL_PCD_SOFCallback
 .text.HAL_PCD_ResetCallback
                0x000000000800f7f4       0x22 USB_DEVICE/Target/usbd_conf.o
                0x000000000800f7f4                HAL_PCD_ResetCallback
 *fill*         0x000000000800f816        0x2 
 .text.HAL_PCD_SuspendCallback
                0x000000000800f818       0x24 USB_DEVICE/Target/usbd_conf.o
                0x000000000800f818                HAL_PCD_SuspendCallback
 .text.HAL_PCD_ResumeCallback
                0x000000000800f83c       0x28 USB_DEVICE/Target/usbd_conf.o
                0x000000000800f83c                HAL_PCD_ResumeCallback
 .text.USBD_LL_Init
                0x000000000800f864       0x80 USB_DEVICE/Target/usbd_conf.o
                0x000000000800f864                USBD_LL_Init
 .text.USBD_LL_Start
                0x000000000800f8e4       0x20 USB_DEVICE/Target/usbd_conf.o
                0x000000000800f8e4                USBD_LL_Start
 .text.USBD_LL_OpenEP
                0x000000000800f904       0x24 USB_DEVICE/Target/usbd_conf.o
                0x000000000800f904                USBD_LL_OpenEP
 .text.USBD_LL_CloseEP
                0x000000000800f928       0x20 USB_DEVICE/Target/usbd_conf.o
                0x000000000800f928                USBD_LL_CloseEP
 .text.USBD_LL_StallEP
                0x000000000800f948       0x20 USB_DEVICE/Target/usbd_conf.o
                0x000000000800f948                USBD_LL_StallEP
 .text.USBD_LL_ClearStallEP
                0x000000000800f968       0x20 USB_DEVICE/Target/usbd_conf.o
                0x000000000800f968                USBD_LL_ClearStallEP
 .text.USBD_LL_IsStallEP
                0x000000000800f988       0x2a USB_DEVICE/Target/usbd_conf.o
                0x000000000800f988                USBD_LL_IsStallEP
 *fill*         0x000000000800f9b2        0x2 
 .text.USBD_LL_SetUSBAddress
                0x000000000800f9b4       0x20 USB_DEVICE/Target/usbd_conf.o
                0x000000000800f9b4                USBD_LL_SetUSBAddress
 .text.USBD_LL_Transmit
                0x000000000800f9d4       0x20 USB_DEVICE/Target/usbd_conf.o
                0x000000000800f9d4                USBD_LL_Transmit
 .text.USBD_LL_PrepareReceive
                0x000000000800f9f4       0x20 USB_DEVICE/Target/usbd_conf.o
                0x000000000800f9f4                USBD_LL_PrepareReceive
 .text.USBD_LL_GetRxDataSize
                0x000000000800fa14        0xe USB_DEVICE/Target/usbd_conf.o
                0x000000000800fa14                USBD_LL_GetRxDataSize
 *fill*         0x000000000800fa22        0x2 
 .text.USBD_static_malloc
                0x000000000800fa24        0x8 USB_DEVICE/Target/usbd_conf.o
                0x000000000800fa24                USBD_static_malloc
 .text.USBD_static_free
                0x000000000800fa2c        0x2 USB_DEVICE/Target/usbd_conf.o
                0x000000000800fa2c                USBD_static_free
 *fill*         0x000000000800fa2e        0x2 
 .text.__errno  0x000000000800fa30        0xc c:/st/stm32cubeide_1.5.1/stm32cubeide/plugins/com.st.stm32cube.ide.mcu.externaltools.gnu-tools-for-stm32.9-2020-q2-update.win32_1.5.0.202011040924/tools/bin/../lib/gcc/arm-none-eabi/9.3.1/../../../../arm-none-eabi/lib/thumb/v6-m/nofp\libc_nano.a(lib_a-errno.o)
                0x000000000800fa30                __errno
 .text.__libc_init_array
                0x000000000800fa3c       0x48 c:/st/stm32cubeide_1.5.1/stm32cubeide/plugins/com.st.stm32cube.ide.mcu.externaltools.gnu-tools-for-stm32.9-2020-q2-update.win32_1.5.0.202011040924/tools/bin/../lib/gcc/arm-none-eabi/9.3.1/../../../../arm-none-eabi/lib/thumb/v6-m/nofp\libc_nano.a(lib_a-init.o)
                0x000000000800fa3c                __libc_init_array
 .text.__itoa   0x000000000800fa84       0x30 c:/st/stm32cubeide_1.5.1/stm32cubeide/plugins/com.st.stm32cube.ide.mcu.externaltools.gnu-tools-for-stm32.9-2020-q2-update.win32_1.5.0.202011040924/tools/bin/../lib/gcc/arm-none-eabi/9.3.1/../../../../arm-none-eabi/lib/thumb/v6-m/nofp\libc_nano.a(lib_a-itoa.o)
                0x000000000800fa84                __itoa
 .text.itoa     0x000000000800fab4        0x8 c:/st/stm32cubeide_1.5.1/stm32cubeide/plugins/com.st.stm32cube.ide.mcu.externaltools.gnu-tools-for-stm32.9-2020-q2-update.win32_1.5.0.202011040924/tools/bin/../lib/gcc/arm-none-eabi/9.3.1/../../../../arm-none-eabi/lib/thumb/v6-m/nofp\libc_nano.a(lib_a-itoa.o)
                0x000000000800fab4                itoa
 .text.malloc   0x000000000800fabc       0x14 c:/st/stm32cubeide_1.5.1/stm32cubeide/plugins/com.st.stm32cube.ide.mcu.externaltools.gnu-tools-for-stm32.9-2020-q2-update.win32_1.5.0.202011040924/tools/bin/../lib/gcc/arm-none-eabi/9.3.1/../../../../arm-none-eabi/lib/thumb/v6-m/nofp\libc_nano.a(lib_a-malloc.o)
                0x000000000800fabc                malloc
 .text.memcmp   0x000000000800fad0       0x1c c:/st/stm32cubeide_1.5.1/stm32cubeide/plugins/com.st.stm32cube.ide.mcu.externaltools.gnu-tools-for-stm32.9-2020-q2-update.win32_1.5.0.202011040924/tools/bin/../lib/gcc/arm-none-eabi/9.3.1/../../../../arm-none-eabi/lib/thumb/v6-m/nofp\libc_nano.a(lib_a-memcmp.o)
                0x000000000800fad0                memcmp
 .text.memcpy   0x000000000800faec       0x12 c:/st/stm32cubeide_1.5.1/stm32cubeide/plugins/com.st.stm32cube.ide.mcu.externaltools.gnu-tools-for-stm32.9-2020-q2-update.win32_1.5.0.202011040924/tools/bin/../lib/gcc/arm-none-eabi/9.3.1/../../../../arm-none-eabi/lib/thumb/v6-m/nofp\libc_nano.a(lib_a-memcpy-stub.o)
                0x000000000800faec                memcpy
 .text.memset   0x000000000800fafe       0x10 c:/st/stm32cubeide_1.5.1/stm32cubeide/plugins/com.st.stm32cube.ide.mcu.externaltools.gnu-tools-for-stm32.9-2020-q2-update.win32_1.5.0.202011040924/tools/bin/../lib/gcc/arm-none-eabi/9.3.1/../../../../arm-none-eabi/lib/thumb/v6-m/nofp\libc_nano.a(lib_a-memset.o)
                0x000000000800fafe                memset
 *fill*         0x000000000800fb0e        0x2 
 .text._free_r  0x000000000800fb10       0x94 c:/st/stm32cubeide_1.5.1/stm32cubeide/plugins/com.st.stm32cube.ide.mcu.externaltools.gnu-tools-for-stm32.9-2020-q2-update.win32_1.5.0.202011040924/tools/bin/../lib/gcc/arm-none-eabi/9.3.1/../../../../arm-none-eabi/lib/thumb/v6-m/nofp\libc_nano.a(lib_a-nano-freer.o)
                0x000000000800fb10                _free_r
 .text._malloc_r
                0x000000000800fba4       0xbc c:/st/stm32cubeide_1.5.1/stm32cubeide/plugins/com.st.stm32cube.ide.mcu.externaltools.gnu-tools-for-stm32.9-2020-q2-update.win32_1.5.0.202011040924/tools/bin/../lib/gcc/arm-none-eabi/9.3.1/../../../../arm-none-eabi/lib/thumb/v6-m/nofp\libc_nano.a(lib_a-nano-mallocr.o)
                0x000000000800fba4                _malloc_r
 .text._sbrk_r  0x000000000800fc60       0x24 c:/st/stm32cubeide_1.5.1/stm32cubeide/plugins/com.st.stm32cube.ide.mcu.externaltools.gnu-tools-for-stm32.9-2020-q2-update.win32_1.5.0.202011040924/tools/bin/../lib/gcc/arm-none-eabi/9.3.1/../../../../arm-none-eabi/lib/thumb/v6-m/nofp\libc_nano.a(lib_a-sbrkr.o)
                0x000000000800fc60                _sbrk_r
 .text.sprintf  0x000000000800fc84       0x40 c:/st/stm32cubeide_1.5.1/stm32cubeide/plugins/com.st.stm32cube.ide.mcu.externaltools.gnu-tools-for-stm32.9-2020-q2-update.win32_1.5.0.202011040924/tools/bin/../lib/gcc/arm-none-eabi/9.3.1/../../../../arm-none-eabi/lib/thumb/v6-m/nofp\libc_nano.a(lib_a-sprintf.o)
                0x000000000800fc84                siprintf
                0x000000000800fc84                sprintf
 .text.strchr   0x000000000800fcc4       0x1c c:/st/stm32cubeide_1.5.1/stm32cubeide/plugins/com.st.stm32cube.ide.mcu.externaltools.gnu-tools-for-stm32.9-2020-q2-update.win32_1.5.0.202011040924/tools/bin/../lib/gcc/arm-none-eabi/9.3.1/../../../../arm-none-eabi/lib/thumb/v6-m/nofp\libc_nano.a(lib_a-strchr.o)
                0x000000000800fcc4                strchr
 .text.strcpy   0x000000000800fce0       0x10 c:/st/stm32cubeide_1.5.1/stm32cubeide/plugins/com.st.stm32cube.ide.mcu.externaltools.gnu-tools-for-stm32.9-2020-q2-update.win32_1.5.0.202011040924/tools/bin/../lib/gcc/arm-none-eabi/9.3.1/../../../../arm-none-eabi/lib/thumb/v6-m/nofp\libc_nano.a(lib_a-strcpy.o)
                0x000000000800fce0                strcpy
 .text.strstr   0x000000000800fcf0       0x2c c:/st/stm32cubeide_1.5.1/stm32cubeide/plugins/com.st.stm32cube.ide.mcu.externaltools.gnu-tools-for-stm32.9-2020-q2-update.win32_1.5.0.202011040924/tools/bin/../lib/gcc/arm-none-eabi/9.3.1/../../../../arm-none-eabi/lib/thumb/v6-m/nofp\libc_nano.a(lib_a-strstr.o)
                0x000000000800fcf0                strstr
 .text.__utoa   0x000000000800fd1c       0x6c c:/st/stm32cubeide_1.5.1/stm32cubeide/plugins/com.st.stm32cube.ide.mcu.externaltools.gnu-tools-for-stm32.9-2020-q2-update.win32_1.5.0.202011040924/tools/bin/../lib/gcc/arm-none-eabi/9.3.1/../../../../arm-none-eabi/lib/thumb/v6-m/nofp\libc_nano.a(lib_a-utoa.o)
                0x000000000800fd1c                __utoa
 .text._vsnprintf_r
                0x000000000800fd88       0x56 c:/st/stm32cubeide_1.5.1/stm32cubeide/plugins/com.st.stm32cube.ide.mcu.externaltools.gnu-tools-for-stm32.9-2020-q2-update.win32_1.5.0.202011040924/tools/bin/../lib/gcc/arm-none-eabi/9.3.1/../../../../arm-none-eabi/lib/thumb/v6-m/nofp\libc_nano.a(lib_a-vsnprintf.o)
                0x000000000800fd88                _vsniprintf_r
                0x000000000800fd88                _vsnprintf_r
 *fill*         0x000000000800fdde        0x2 
 .text.vsnprintf
                0x000000000800fde0       0x18 c:/st/stm32cubeide_1.5.1/stm32cubeide/plugins/com.st.stm32cube.ide.mcu.externaltools.gnu-tools-for-stm32.9-2020-q2-update.win32_1.5.0.202011040924/tools/bin/../lib/gcc/arm-none-eabi/9.3.1/../../../../arm-none-eabi/lib/thumb/v6-m/nofp\libc_nano.a(lib_a-vsnprintf.o)
                0x000000000800fde0                vsniprintf
                0x000000000800fde0                vsnprintf
 .text.__malloc_lock
                0x000000000800fdf8       0x10 c:/st/stm32cubeide_1.5.1/stm32cubeide/plugins/com.st.stm32cube.ide.mcu.externaltools.gnu-tools-for-stm32.9-2020-q2-update.win32_1.5.0.202011040924/tools/bin/../lib/gcc/arm-none-eabi/9.3.1/../../../../arm-none-eabi/lib/thumb/v6-m/nofp\libc_nano.a(lib_a-mlock.o)
                0x000000000800fdf8                __malloc_lock
 .text.__malloc_unlock
                0x000000000800fe08       0x10 c:/st/stm32cubeide_1.5.1/stm32cubeide/plugins/com.st.stm32cube.ide.mcu.externaltools.gnu-tools-for-stm32.9-2020-q2-update.win32_1.5.0.202011040924/tools/bin/../lib/gcc/arm-none-eabi/9.3.1/../../../../arm-none-eabi/lib/thumb/v6-m/nofp\libc_nano.a(lib_a-mlock.o)
                0x000000000800fe08                __malloc_unlock
 .text.__ssputs_r
                0x000000000800fe18       0xc4 c:/st/stm32cubeide_1.5.1/stm32cubeide/plugins/com.st.stm32cube.ide.mcu.externaltools.gnu-tools-for-stm32.9-2020-q2-update.win32_1.5.0.202011040924/tools/bin/../lib/gcc/arm-none-eabi/9.3.1/../../../../arm-none-eabi/lib/thumb/v6-m/nofp\libc_nano.a(lib_a-nano-svfprintf.o)
                0x000000000800fe18                __ssputs_r
 .text._svfprintf_r
                0x000000000800fedc      0x200 c:/st/stm32cubeide_1.5.1/stm32cubeide/plugins/com.st.stm32cube.ide.mcu.externaltools.gnu-tools-for-stm32.9-2020-q2-update.win32_1.5.0.202011040924/tools/bin/../lib/gcc/arm-none-eabi/9.3.1/../../../../arm-none-eabi/lib/thumb/v6-m/nofp\libc_nano.a(lib_a-nano-svfprintf.o)
                0x000000000800fedc                _svfiprintf_r
                0x000000000800fedc                _svfprintf_r
 .text._printf_common
                0x00000000080100dc       0xde c:/st/stm32cubeide_1.5.1/stm32cubeide/plugins/com.st.stm32cube.ide.mcu.externaltools.gnu-tools-for-stm32.9-2020-q2-update.win32_1.5.0.202011040924/tools/bin/../lib/gcc/arm-none-eabi/9.3.1/../../../../arm-none-eabi/lib/thumb/v6-m/nofp\libc_nano.a(lib_a-nano-vfprintf_i.o)
                0x00000000080100dc                _printf_common
 *fill*         0x00000000080101ba        0x2 
 .text._printf_i
                0x00000000080101bc      0x224 c:/st/stm32cubeide_1.5.1/stm32cubeide/plugins/com.st.stm32cube.ide.mcu.externaltools.gnu-tools-for-stm32.9-2020-q2-update.win32_1.5.0.202011040924/tools/bin/../lib/gcc/arm-none-eabi/9.3.1/../../../../arm-none-eabi/lib/thumb/v6-m/nofp\libc_nano.a(lib_a-nano-vfprintf_i.o)
                0x00000000080101bc                _printf_i
 .text.__retarget_lock_acquire_recursive
                0x00000000080103e0        0x2 c:/st/stm32cubeide_1.5.1/stm32cubeide/plugins/com.st.stm32cube.ide.mcu.externaltools.gnu-tools-for-stm32.9-2020-q2-update.win32_1.5.0.202011040924/tools/bin/../lib/gcc/arm-none-eabi/9.3.1/../../../../arm-none-eabi/lib/thumb/v6-m/nofp\libc_nano.a(lib_a-lock.o)
                0x00000000080103e0                __retarget_lock_acquire_recursive
 .text.__retarget_lock_release_recursive
                0x00000000080103e2        0x2 c:/st/stm32cubeide_1.5.1/stm32cubeide/plugins/com.st.stm32cube.ide.mcu.externaltools.gnu-tools-for-stm32.9-2020-q2-update.win32_1.5.0.202011040924/tools/bin/../lib/gcc/arm-none-eabi/9.3.1/../../../../arm-none-eabi/lib/thumb/v6-m/nofp\libc_nano.a(lib_a-lock.o)
                0x00000000080103e2                __retarget_lock_release_recursive
 .text.memchr   0x00000000080103e4       0x16 c:/st/stm32cubeide_1.5.1/stm32cubeide/plugins/com.st.stm32cube.ide.mcu.externaltools.gnu-tools-for-stm32.9-2020-q2-update.win32_1.5.0.202011040924/tools/bin/../lib/gcc/arm-none-eabi/9.3.1/../../../../arm-none-eabi/lib/thumb/v6-m/nofp\libc_nano.a(lib_a-memchr-stub.o)
                0x00000000080103e4                memchr
 .text.memmove  0x00000000080103fa       0x26 c:/st/stm32cubeide_1.5.1/stm32cubeide/plugins/com.st.stm32cube.ide.mcu.externaltools.gnu-tools-for-stm32.9-2020-q2-update.win32_1.5.0.202011040924/tools/bin/../lib/gcc/arm-none-eabi/9.3.1/../../../../arm-none-eabi/lib/thumb/v6-m/nofp\libc_nano.a(lib_a-memmove.o)
                0x00000000080103fa                memmove
 .text._realloc_r
                0x0000000008010420       0x4c c:/st/stm32cubeide_1.5.1/stm32cubeide/plugins/com.st.stm32cube.ide.mcu.externaltools.gnu-tools-for-stm32.9-2020-q2-update.win32_1.5.0.202011040924/tools/bin/../lib/gcc/arm-none-eabi/9.3.1/../../../../arm-none-eabi/lib/thumb/v6-m/nofp\libc_nano.a(lib_a-nano-reallocr.o)
                0x0000000008010420                _realloc_r
 .text._malloc_usable_size_r
                0x000000000801046c       0x10 c:/st/stm32cubeide_1.5.1/stm32cubeide/plugins/com.st.stm32cube.ide.mcu.externaltools.gnu-tools-for-stm32.9-2020-q2-update.win32_1.5.0.202011040924/tools/bin/../lib/gcc/arm-none-eabi/9.3.1/../../../../arm-none-eabi/lib/thumb/v6-m/nofp\libc_nano.a(lib_a-nano-msizer.o)
                0x000000000801046c                _malloc_usable_size_r
 *(.glue_7)
 .glue_7        0x000000000801047c        0x0 linker stubs
 *(.glue_7t)
 .glue_7t       0x000000000801047c        0x0 linker stubs
 *(.eh_frame)
 .eh_frame      0x000000000801047c        0x0 c:/st/stm32cubeide_1.5.1/stm32cubeide/plugins/com.st.stm32cube.ide.mcu.externaltools.gnu-tools-for-stm32.9-2020-q2-update.win32_1.5.0.202011040924/tools/bin/../lib/gcc/arm-none-eabi/9.3.1/thumb/v6-m/nofp/crtbegin.o
 *(.init)
 .init          0x000000000801047c        0x4 c:/st/stm32cubeide_1.5.1/stm32cubeide/plugins/com.st.stm32cube.ide.mcu.externaltools.gnu-tools-for-stm32.9-2020-q2-update.win32_1.5.0.202011040924/tools/bin/../lib/gcc/arm-none-eabi/9.3.1/thumb/v6-m/nofp/crti.o
                0x000000000801047c                _init
 .init          0x0000000008010480        0x8 c:/st/stm32cubeide_1.5.1/stm32cubeide/plugins/com.st.stm32cube.ide.mcu.externaltools.gnu-tools-for-stm32.9-2020-q2-update.win32_1.5.0.202011040924/tools/bin/../lib/gcc/arm-none-eabi/9.3.1/thumb/v6-m/nofp/crtn.o
 *(.fini)
 .fini          0x0000000008010488        0x4 c:/st/stm32cubeide_1.5.1/stm32cubeide/plugins/com.st.stm32cube.ide.mcu.externaltools.gnu-tools-for-stm32.9-2020-q2-update.win32_1.5.0.202011040924/tools/bin/../lib/gcc/arm-none-eabi/9.3.1/thumb/v6-m/nofp/crti.o
                0x0000000008010488                _fini
 .fini          0x000000000801048c        0x8 c:/st/stm32cubeide_1.5.1/stm32cubeide/plugins/com.st.stm32cube.ide.mcu.externaltools.gnu-tools-for-stm32.9-2020-q2-update.win32_1.5.0.202011040924/tools/bin/../lib/gcc/arm-none-eabi/9.3.1/thumb/v6-m/nofp/crtn.o
                0x0000000008010494                . = ALIGN (0x4)
                0x0000000008010494                _etext = .

.vfp11_veneer   0x0000000008010494        0x0
 .vfp11_veneer  0x0000000008010494        0x0 linker stubs

.v4_bx          0x0000000008010494        0x0
 .v4_bx         0x0000000008010494        0x0 linker stubs

.iplt           0x0000000008010494        0x0
 .iplt          0x0000000008010494        0x0 c:/st/stm32cubeide_1.5.1/stm32cubeide/plugins/com.st.stm32cube.ide.mcu.externaltools.gnu-tools-for-stm32.9-2020-q2-update.win32_1.5.0.202011040924/tools/bin/../lib/gcc/arm-none-eabi/9.3.1/thumb/v6-m/nofp/crtbegin.o

.rodata         0x0000000008010494      0x600
                0x0000000008010494                . = ALIGN (0x4)
 *(.rodata)
 .rodata        0x0000000008010494       0x1c Core/Src/freertos.o
 *(.rodata*)
 .rodata.str1.1
                0x00000000080104b0        0xc Core/Src/freertos.o
 .rodata.StartDefaultTask.str1.1
                0x00000000080104bc       0xa5 Core/Src/freertos.o
                                         0xb6 (size before relaxing)
 .rodata.AHBPrescTable
                0x0000000008010561       0x10 Core/Src/system_stm32f0xx.o
                0x0000000008010561                AHBPrescTable
 .rodata.APBPrescTable
                0x0000000008010571        0x8 Core/Src/system_stm32f0xx.o
                0x0000000008010571                APBPrescTable
 .rodata.il_lora_enable_modem.str1.1
                0x0000000008010579       0x64 Drivers/Ironlink/ironlink-library.o
 .rodata.il_lora_modem_send_command.str1.1
                0x00000000080105dd        0x8 Drivers/Ironlink/ironlink-library.o
                                          0xd (size before relaxing)
 .rodata.il_lora_modem_default_config.str1.1
                0x00000000080105e5        0xe Drivers/Ironlink/ironlink-library.o
                                         0x1f (size before relaxing)
 .rodata.il_lora_modem_init.str1.1
                0x00000000080105f3       0x73 Drivers/Ironlink/ironlink-library.o
 .rodata.il_lora_modem_parse_response.str1.1
                0x0000000008010666       0x8c Drivers/Ironlink/ironlink-library.o
                                         0x91 (size before relaxing)
 .rodata.il_lora_modem_join_network.str1.1
                0x00000000080106f2        0xe Drivers/Ironlink/ironlink-library.o
 .rodata.il_lora_modem_send_packet_u32.str1.1
                0x0000000008010700       0x1c Drivers/Ironlink/ironlink-library.o
 .rodata.ADC_ConversionStop.str1.1
                0x000000000801071c       0x38 Drivers/STM32F0xx_HAL_Driver/Src/stm32f0xx_hal_adc.o
 .rodata.HAL_NVIC_SetPriority.str1.1
                0x0000000008010754       0x3b Drivers/STM32F0xx_HAL_Driver/Src/stm32f0xx_hal_cortex.o
 .rodata.HAL_DMA_Init.str1.1
                0x000000000801078f       0x38 Drivers/STM32F0xx_HAL_Driver/Src/stm32f0xx_hal_dma.o
 .rodata.HAL_GPIO_Init.str1.1
                0x00000000080107c7       0x39 Drivers/STM32F0xx_HAL_Driver/Src/stm32f0xx_hal_gpio.o
 .rodata.I2C_TransferConfig.str1.1
                0x0000000008010800       0x38 Drivers/STM32F0xx_HAL_Driver/Src/stm32f0xx_hal_i2c.o
 .rodata.HAL_I2CEx_ConfigAnalogFilter.str1.1
                0x0000000008010838       0x3b Drivers/STM32F0xx_HAL_Driver/Src/stm32f0xx_hal_i2c_ex.o
 .rodata.HAL_PCD_Init.str1.1
                0x0000000008010873       0x38 Drivers/STM32F0xx_HAL_Driver/Src/stm32f0xx_hal_pcd.o
 .rodata.HAL_RCC_OscConfig.str1.1
                0x00000000080108ab       0x38 Drivers/STM32F0xx_HAL_Driver/Src/stm32f0xx_hal_rcc.o
 .rodata.HAL_RCC_GetSysClockFreq.str1.1
                0x00000000080108e3       0x22 Drivers/STM32F0xx_HAL_Driver/Src/stm32f0xx_hal_rcc.o
 .rodata.HAL_RCCEx_PeriphCLKConfig.str1.1
                0x0000000008010905       0x3b Drivers/STM32F0xx_HAL_Driver/Src/stm32f0xx_hal_rcc_ex.o
 .rodata.TIM_OC1_SetConfig.str1.1
                0x0000000008010940       0x38 Drivers/STM32F0xx_HAL_Driver/Src/stm32f0xx_hal_tim.o
 .rodata.HAL_TIMEx_HallSensor_Init.str1.1
                0x0000000008010978       0x3b Drivers/STM32F0xx_HAL_Driver/Src/stm32f0xx_hal_tim_ex.o
 .rodata.HAL_UART_DeInit.str1.1
                0x00000000080109b3       0x39 Drivers/STM32F0xx_HAL_Driver/Src/stm32f0xx_hal_uart.o
 .rodata.CSWTCH.56
                0x00000000080109ec        0x3 Drivers/STM32F0xx_HAL_Driver/Src/stm32f0xx_hal_uart.o
 .rodata.vTaskStartScheduler.str1.1
                0x00000000080109ef        0x5 Middlewares/Third_Party/FreeRTOS/Source/tasks.o
 .rodata.USBD_FS_ManufacturerStrDescriptor.str1.1
                0x00000000080109f4       0x13 USB_DEVICE/App/usbd_desc.o
 .rodata.USBD_FS_ProductStrDescriptor.str1.1
                0x0000000008010a07       0x16 USB_DEVICE/App/usbd_desc.o
 .rodata.USBD_FS_ConfigStrDescriptor.str1.1
                0x0000000008010a1d        0xb USB_DEVICE/App/usbd_desc.o
 .rodata.USBD_FS_InterfaceStrDescriptor.str1.1
                0x0000000008010a28        0xe USB_DEVICE/App/usbd_desc.o
 .rodata.CSWTCH.3
                0x0000000008010a36        0x4 USB_DEVICE/Target/usbd_conf.o
 .rodata.__utoa.str1.1
                0x0000000008010a3a       0x25 c:/st/stm32cubeide_1.5.1/stm32cubeide/plugins/com.st.stm32cube.ide.mcu.externaltools.gnu-tools-for-stm32.9-2020-q2-update.win32_1.5.0.202011040924/tools/bin/../lib/gcc/arm-none-eabi/9.3.1/../../../../arm-none-eabi/lib/thumb/v6-m/nofp\libc_nano.a(lib_a-utoa.o)
 .rodata._svfprintf_r.str1.1
                0x0000000008010a5f       0x11 c:/st/stm32cubeide_1.5.1/stm32cubeide/plugins/com.st.stm32cube.ide.mcu.externaltools.gnu-tools-for-stm32.9-2020-q2-update.win32_1.5.0.202011040924/tools/bin/../lib/gcc/arm-none-eabi/9.3.1/../../../../arm-none-eabi/lib/thumb/v6-m/nofp\libc_nano.a(lib_a-nano-svfprintf.o)
 .rodata._printf_i.str1.1
                0x0000000008010a70       0x22 c:/st/stm32cubeide_1.5.1/stm32cubeide/plugins/com.st.stm32cube.ide.mcu.externaltools.gnu-tools-for-stm32.9-2020-q2-update.win32_1.5.0.202011040924/tools/bin/../lib/gcc/arm-none-eabi/9.3.1/../../../../arm-none-eabi/lib/thumb/v6-m/nofp\libc_nano.a(lib_a-nano-vfprintf_i.o)
                0x0000000008010a94                . = ALIGN (0x4)
 *fill*         0x0000000008010a92        0x2 

.rel.dyn        0x0000000008010a94        0x0
 .rel.iplt      0x0000000008010a94        0x0 c:/st/stm32cubeide_1.5.1/stm32cubeide/plugins/com.st.stm32cube.ide.mcu.externaltools.gnu-tools-for-stm32.9-2020-q2-update.win32_1.5.0.202011040924/tools/bin/../lib/gcc/arm-none-eabi/9.3.1/thumb/v6-m/nofp/crtbegin.o

.ARM.extab      0x0000000008010a94        0x0
                0x0000000008010a94                . = ALIGN (0x4)
 *(.ARM.extab* .gnu.linkonce.armextab.*)
                0x0000000008010a94                . = ALIGN (0x4)

.ARM            0x0000000008010a94        0x0
                0x0000000008010a94                . = ALIGN (0x4)
                0x0000000008010a94                __exidx_start = .
 *(.ARM.exidx*)
                0x0000000008010a94                __exidx_end = .
                0x0000000008010a94                . = ALIGN (0x4)

.preinit_array  0x0000000008010a94        0x0
                0x0000000008010a94                . = ALIGN (0x4)
                0x0000000008010a94                PROVIDE (__preinit_array_start = .)
 *(.preinit_array*)
                0x0000000008010a94                PROVIDE (__preinit_array_end = .)
                0x0000000008010a94                . = ALIGN (0x4)

.init_array     0x0000000008010a94        0x4
                0x0000000008010a94                . = ALIGN (0x4)
                0x0000000008010a94                PROVIDE (__init_array_start = .)
 *(SORT_BY_NAME(.init_array.*))
 *(.init_array*)
 .init_array    0x0000000008010a94        0x4 c:/st/stm32cubeide_1.5.1/stm32cubeide/plugins/com.st.stm32cube.ide.mcu.externaltools.gnu-tools-for-stm32.9-2020-q2-update.win32_1.5.0.202011040924/tools/bin/../lib/gcc/arm-none-eabi/9.3.1/thumb/v6-m/nofp/crtbegin.o
                0x0000000008010a98                PROVIDE (__init_array_end = .)
                0x0000000008010a98                . = ALIGN (0x4)

.fini_array     0x0000000008010a98        0x4
                0x0000000008010a98                . = ALIGN (0x4)
                [!provide]                        PROVIDE (__fini_array_start = .)
 *(SORT_BY_NAME(.fini_array.*))
 *(.fini_array*)
 .fini_array    0x0000000008010a98        0x4 c:/st/stm32cubeide_1.5.1/stm32cubeide/plugins/com.st.stm32cube.ide.mcu.externaltools.gnu-tools-for-stm32.9-2020-q2-update.win32_1.5.0.202011040924/tools/bin/../lib/gcc/arm-none-eabi/9.3.1/thumb/v6-m/nofp/crtbegin.o
                [!provide]                        PROVIDE (__fini_array_end = .)
                0x0000000008010a9c                . = ALIGN (0x4)
                0x0000000008010a9c                _sidata = LOADADDR (.data)

.data           0x0000000020000400      0x23c load address 0x0000000008010a9c
                0x0000000020000400                . = ALIGN (0x4)
                0x0000000020000400                _sdata = .
 *(.data)
 *(.data*)
 .data.il_delay
                0x0000000020000400        0x4 Core/Src/freertos.o
                0x0000000020000400                il_delay
 .data.il_dma_init
                0x0000000020000404        0x4 Core/Src/freertos.o
                0x0000000020000404                il_dma_init
 .data.il_get_tick
                0x0000000020000408        0x4 Core/Src/freertos.o
                0x0000000020000408                il_get_tick
 .data.il_gpio_init
                0x000000002000040c        0x4 Core/Src/freertos.o
                0x000000002000040c                il_gpio_init
 .data.il_gps_uart
                0x0000000020000410        0x4 Core/Src/freertos.o
                0x0000000020000410                il_gps_uart
 .data.il_hal_adc_init
                0x0000000020000414        0x4 Core/Src/freertos.o
                0x0000000020000414                il_hal_adc_init
 .data.il_hal_gpio_write_pin
                0x0000000020000418        0x4 Core/Src/freertos.o
                0x0000000020000418                il_hal_gpio_write_pin
 .data.il_hal_uart1_init
                0x000000002000041c        0x4 Core/Src/freertos.o
                0x000000002000041c                il_hal_uart1_init
 .data.il_hal_uart2_init
                0x0000000020000420        0x4 Core/Src/freertos.o
                0x0000000020000420                il_hal_uart2_init
 .data.il_hal_uart_abort_write_it
                0x0000000020000424        0x4 Core/Src/freertos.o
                0x0000000020000424                il_hal_uart_abort_write_it
 .data.il_hal_uart_gps_init
                0x0000000020000428        0x4 Core/Src/freertos.o
                0x0000000020000428                il_hal_uart_gps_init
 .data.il_hal_uart_modem_init
                0x000000002000042c        0x4 Core/Src/freertos.o
                0x000000002000042c                il_hal_uart_modem_init
 .data.il_hal_uart_read_it
                0x0000000020000430        0x4 Core/Src/freertos.o
                0x0000000020000430                il_hal_uart_read_it
 .data.il_hal_uart_write_it
                0x0000000020000434        0x4 Core/Src/freertos.o
                0x0000000020000434                il_hal_uart_write_it
 .data.il_i2c1  0x0000000020000438        0x4 Core/Src/freertos.o
                0x0000000020000438                il_i2c1
 .data.il_i2c1_init
                0x000000002000043c        0x4 Core/Src/freertos.o
                0x000000002000043c                il_i2c1_init
 .data.il_i2c2  0x0000000020000440        0x4 Core/Src/freertos.o
                0x0000000020000440                il_i2c2
 .data.il_i2c2_init
                0x0000000020000444        0x4 Core/Src/freertos.o
                0x0000000020000444                il_i2c2_init
 .data.il_modem_uart
                0x0000000020000448        0x4 Core/Src/freertos.o
                0x0000000020000448                il_modem_uart
 .data.il_uart1
                0x000000002000044c        0x4 Core/Src/freertos.o
                0x000000002000044c                il_uart1
 .data.il_uart2
                0x0000000020000450        0x4 Core/Src/freertos.o
                0x0000000020000450                il_uart2
 .data.il_usb_init
                0x0000000020000454        0x4 Core/Src/freertos.o
                0x0000000020000454                il_usb_init
 .data.il_usb_transmit
                0x0000000020000458        0x4 Core/Src/freertos.o
                0x0000000020000458                il_usb_transmit
 .data.SystemCoreClock
                0x000000002000045c        0x4 Core/Src/system_stm32f0xx.o
                0x000000002000045c                SystemCoreClock
 .data.uwTickFreq
                0x0000000020000460        0x1 Drivers/STM32F0xx_HAL_Driver/Src/stm32f0xx_hal.o
                0x0000000020000460                uwTickFreq
 *fill*         0x0000000020000461        0x3 
 .data.USBD_CDC
                0x0000000020000464       0x38 Middlewares/ST/STM32_USB_Device_Library/Class/CDC/Src/usbd_cdc.o
                0x0000000020000464                USBD_CDC
 .data.USBD_CDC_CfgFSDesc
                0x000000002000049c       0x43 Middlewares/ST/STM32_USB_Device_Library/Class/CDC/Src/usbd_cdc.o
                0x000000002000049c                USBD_CDC_CfgFSDesc
 *fill*         0x00000000200004df        0x1 
 .data.USBD_CDC_CfgHSDesc
                0x00000000200004e0       0x43 Middlewares/ST/STM32_USB_Device_Library/Class/CDC/Src/usbd_cdc.o
                0x00000000200004e0                USBD_CDC_CfgHSDesc
 *fill*         0x0000000020000523        0x1 
 .data.USBD_CDC_DeviceQualifierDesc
                0x0000000020000524        0xa Middlewares/ST/STM32_USB_Device_Library/Class/CDC/Src/usbd_cdc.o
 *fill*         0x000000002000052e        0x2 
 .data.USBD_CDC_OtherSpeedCfgDesc
                0x0000000020000530       0x43 Middlewares/ST/STM32_USB_Device_Library/Class/CDC/Src/usbd_cdc.o
                0x0000000020000530                USBD_CDC_OtherSpeedCfgDesc
 *fill*         0x0000000020000573        0x1 
 .data.uxCriticalNesting
                0x0000000020000574        0x4 Middlewares/Third_Party/FreeRTOS/Source/portable/GCC/ARM_CM0/port.o
 .data.USBD_Interface_fops_FS
                0x0000000020000578       0x10 USB_DEVICE/App/usbd_cdc_if.o
                0x0000000020000578                USBD_Interface_fops_FS
 .data.FS_Desc  0x0000000020000588       0x1c USB_DEVICE/App/usbd_desc.o
                0x0000000020000588                FS_Desc
 .data.USBD_FS_DeviceDesc