ironlink-library.c:71:19:il_copy_buffer	16	static
ironlink-library.c:100:6:il_clear_buffer	8	static
ironlink-library.c:110:6:il_binary_to_string	16	static
ironlink-library.c:130:6:il_printf	272	static
ironlink-library.c:156:9:il_gpio_read_pin	8	static
ironlink-library.c:181:6:il_gpio_write_pin	8	static
ironlink-library.c:205:6:il_gpio_toggle_pin	24	static
ironlink-library.c:240:6:il_adc_init	8	static
ironlink-library.c:269:6:il_i2c_map	0	static
ironlink-library.c:255:6:il_i2c_init	8	static
ironlink-library.c:281:6:il_i2c_set_register8	0	static
ironlink-library.c:292:6:il_i2c_set_register16	0	static
ironlink-library.c:305:19:il_i2c_write_struct	24	static
ironlink-library.c:378:19:il_i2c_read_struct	16	static
ironlink-library.c:424:19:il_i2c_read_register_struct	8	static
ironlink-library.c:479:6:il_uart_port_map	0	static
ironlink-library.c:463:6:il_uart_init	8	static
ironlink-library.c:605:6:il_uart_flush_buffer	8	static
ironlink-library.c:500:19:il_uart_write_line	32	static
ironlink-library.c:547:19:il_uart_read_line	40	static
ironlink-library.c:709:6:il_uart_isr_receive	16	static
ironlink-library.c:744:6:il_uart_isr_receive_end	0	static
ironlink-library.c:765:6:il_uart_isr_transmit	8	static
ironlink-library.c:818:6:il_uart_isr_tx_complete_callback	0	static
ironlink-library.c:797:6:il_uart_isr_transmit_end	8	static
ironlink-library.c:627:6:il_uart_irq_handler	16	static
ironlink-library.c:862:6:il_usb_set_sol_n_eol_chars	0	static
ironlink-library.c:875:6:il_usb_set_sol_char	0	static
ironlink-library.c:888:6:il_usb_set_eol_char	0	static
ironlink-library.c:901:6:il_usb_write_line	16	static
ironlink-library.c:914:6:il_usb_read_line	24	static,ignoring_inline_asm
ironlink-library.c:948:6:il_usb_read_irq_handler_keyboard	12	static
ironlink-library.c:997:6:il_lora_disable_modem	8	static
ironlink-library.c:1013:16:il_lora_enable_modem	80	static,ignoring_inline_asm
ironlink-library.c:1080:16:il_lora_modem_send_command	80	static
ironlink-library.c:1121:16:il_lora_modem_read_command	88	static
ironlink-library.c:1166:16:il_lora_modem_default_config	24	static
ironlink-library.c:1209:16:il_lora_modem_get_hardware_eui	8	static
ironlink-library.c:1222:16:il_lora_modem_init	32	static
ironlink-library.c:1274:16:il_lora_modem_parse_response	8	static
ironlink-library.c:1330:16:il_lora_modem_join_network	80	static
ironlink-library.c:1378:16:il_lora_modem_send_packet_u32	104	static
